D:/nxp/mcuxsdk/mcuxsdk/drivers/gpio/fsl_gpio.h:346:20:GPIO_PinWrite	24	static
D:/nxp/mcuxsdk/mcuxsdk/drivers/pwm/fsl_pwm.h:1038:20:PWM_StartTimer	16	static
D:/nxp/mcuxsdk/mcuxsdk/drivers/pwm/fsl_pwm.h:1243:20:PWM_SetPwmLdok	16	static
D:/nxp/mcuxsdk/mcuxsdk/drivers/pwm/fsl_pwm.h:1310:20:PWM_SetupFaultDisableMap	24	static
C:/Users/Catalin/Desktop/autonomous_vehicle/turn_signals.c:38:13:SetAllSignalsOff	16	static
C:/Users/Catalin/Desktop/autonomous_vehicle/turn_signals.c:60:13:SetTurnSignalLeftActive	16	static
C:/Users/Catalin/Desktop/autonomous_vehicle/turn_signals.c:71:13:SetTurnSignalLeftInactive	16	static
C:/Users/Catalin/Desktop/autonomous_vehicle/turn_signals.c:82:13:SetTurnSignalRightActive	16	static
C:/Users/Catalin/Desktop/autonomous_vehicle/turn_signals.c:93:13:SetTurnSignalRightInactive	16	static
C:/Users/Catalin/Desktop/autonomous_vehicle/turn_signals.c:107:6:TurnSignals_InitHardware	104	static
C:/Users/Catalin/Desktop/autonomous_vehicle/turn_signals.c:142:6:TurnSignals_Tick	4	static
C:/Users/Catalin/Desktop/autonomous_vehicle/turn_signals.c:155:6:SignalLeft	8	static
C:/Users/Catalin/Desktop/autonomous_vehicle/turn_signals.c:164:6:SignalRight	8	static
C:/Users/Catalin/Desktop/autonomous_vehicle/turn_signals.c:173:6:SignalOff	8	static
C:/Users/Catalin/Desktop/autonomous_vehicle/turn_signals.c:180:6:ProcessBlinker	8	static
C:/Users/Catalin/Desktop/autonomous_vehicle/turn_signals.c:215:13:UpdateSM0FrequencyAndDuty	40	static
C:/Users/Catalin/Desktop/autonomous_vehicle/turn_signals.c:253:6:ProcessBuzzer	24	static
