D:/nxp/mcuxsdk/mcuxsdk/devices/MCX/MCXA/MCXA153/drivers/fsl_reset.h:204:20:RESET_ReleasePeripheralReset	16	static
D:/nxp/mcuxsdk/mcuxsdk/devices/MCX/MCXA/MCXA153/drivers/fsl_clock.h:539:20:CLOCK_EnableClock	32	static
C:/Users/Catalin/Desktop/autonomous_vehicle/frdmmcxa153/board/clock_config.c:46:6:BOARD_InitBootClocks	8	static
C:/Users/Catalin/Desktop/autonomous_vehicle/frdmmcxa153/board/clock_config.c:91:6:BOARD_BootClockFRO12M	24	static
C:/Users/Catalin/Desktop/autonomous_vehicle/frdmmcxa153/board/clock_config.c:201:6:BOARD_BootClockFRO24M	24	static
C:/Users/Catalin/Desktop/autonomous_vehicle/frdmmcxa153/board/clock_config.c:308:6:BOARD_BootClockFRO48M	24	static
C:/Users/Catalin/Desktop/autonomous_vehicle/frdmmcxa153/board/clock_config.c:420:6:BOARD_BootClockFRO64M	24	static
C:/Users/Catalin/Desktop/autonomous_vehicle/frdmmcxa153/board/clock_config.c:533:6:BOARD_BootClockFRO96M	24	static
