Archive member included to satisfy reference by file (symbol)

C:/Users/Catalin/.mcuxpressotools/arm-gnu-toolchain-14.2.rel1-mingw-w64-x86_64-arm-none-eabi/bin/../lib/gcc/arm-none-eabi/14.2.1/thumb/v8-m.main/nofp\libc_nano.a(libc_a-atoi.o)
                              CMakeFiles/main.dir/uart_comm.c.obj (atoi)
C:/Users/Catalin/.mcuxpressotools/arm-gnu-toolchain-14.2.rel1-mingw-w64-x86_64-arm-none-eabi/bin/../lib/gcc/arm-none-eabi/14.2.1/thumb/v8-m.main/nofp\libc_nano.a(libc_a-exit.o)
                              C:/Users/Catalin/.mcuxpressotools/arm-gnu-toolchain-14.2.rel1-mingw-w64-x86_64-arm-none-eabi/bin/../lib/gcc/arm-none-eabi/14.2.1/thumb/v8-m.main/nofp/crt0.o (exit)
C:/Users/Catalin/.mcuxpressotools/arm-gnu-toolchain-14.2.rel1-mingw-w64-x86_64-arm-none-eabi/bin/../lib/gcc/arm-none-eabi/14.2.1/thumb/v8-m.main/nofp\libc_nano.a(libc_a-malloc.o)
                              CMakeFiles/main.dir/D_/nxp/mcuxsdk/mcuxsdk/drivers/common/fsl_common.c.obj (malloc)
C:/Users/Catalin/.mcuxpressotools/arm-gnu-toolchain-14.2.rel1-mingw-w64-x86_64-arm-none-eabi/bin/../lib/gcc/arm-none-eabi/14.2.1/thumb/v8-m.main/nofp\libc_nano.a(libc_a-mallocr.o)
                              C:/Users/Catalin/.mcuxpressotools/arm-gnu-toolchain-14.2.rel1-mingw-w64-x86_64-arm-none-eabi/bin/../lib/gcc/arm-none-eabi/14.2.1/thumb/v8-m.main/nofp\libc_nano.a(libc_a-malloc.o) (_malloc_r)
C:/Users/Catalin/.mcuxpressotools/arm-gnu-toolchain-14.2.rel1-mingw-w64-x86_64-arm-none-eabi/bin/../lib/gcc/arm-none-eabi/14.2.1/thumb/v8-m.main/nofp\libc_nano.a(libc_a-mlock.o)
                              C:/Users/Catalin/.mcuxpressotools/arm-gnu-toolchain-14.2.rel1-mingw-w64-x86_64-arm-none-eabi/bin/../lib/gcc/arm-none-eabi/14.2.1/thumb/v8-m.main/nofp\libc_nano.a(libc_a-mallocr.o) (__malloc_lock)
C:/Users/Catalin/.mcuxpressotools/arm-gnu-toolchain-14.2.rel1-mingw-w64-x86_64-arm-none-eabi/bin/../lib/gcc/arm-none-eabi/14.2.1/thumb/v8-m.main/nofp\libc_nano.a(libc_a-strtol.o)
                              C:/Users/Catalin/.mcuxpressotools/arm-gnu-toolchain-14.2.rel1-mingw-w64-x86_64-arm-none-eabi/bin/../lib/gcc/arm-none-eabi/14.2.1/thumb/v8-m.main/nofp\libc_nano.a(libc_a-atoi.o) (_strtol_r)
C:/Users/Catalin/.mcuxpressotools/arm-gnu-toolchain-14.2.rel1-mingw-w64-x86_64-arm-none-eabi/bin/../lib/gcc/arm-none-eabi/14.2.1/thumb/v8-m.main/nofp\libc_nano.a(libc_a-strtoul.o)
                              CMakeFiles/main.dir/D_/nxp/mcuxsdk/mcuxsdk/components/str/fsl_str.c.obj (strtoul)
C:/Users/Catalin/.mcuxpressotools/arm-gnu-toolchain-14.2.rel1-mingw-w64-x86_64-arm-none-eabi/bin/../lib/gcc/arm-none-eabi/14.2.1/thumb/v8-m.main/nofp\libc_nano.a(libc_a-ctype_.o)
                              C:/Users/Catalin/.mcuxpressotools/arm-gnu-toolchain-14.2.rel1-mingw-w64-x86_64-arm-none-eabi/bin/../lib/gcc/arm-none-eabi/14.2.1/thumb/v8-m.main/nofp\libc_nano.a(libc_a-strtol.o) (_ctype_)
C:/Users/Catalin/.mcuxpressotools/arm-gnu-toolchain-14.2.rel1-mingw-w64-x86_64-arm-none-eabi/bin/../lib/gcc/arm-none-eabi/14.2.1/thumb/v8-m.main/nofp\libc_nano.a(libc_a-findfp.o)
                              C:/Users/Catalin/.mcuxpressotools/arm-gnu-toolchain-14.2.rel1-mingw-w64-x86_64-arm-none-eabi/bin/../lib/gcc/arm-none-eabi/14.2.1/thumb/v8-m.main/nofp\libc_nano.a(libc_a-exit.o) (__stdio_exit_handler)
C:/Users/Catalin/.mcuxpressotools/arm-gnu-toolchain-14.2.rel1-mingw-w64-x86_64-arm-none-eabi/bin/../lib/gcc/arm-none-eabi/14.2.1/thumb/v8-m.main/nofp\libc_nano.a(libc_a-fwalk.o)
                              C:/Users/Catalin/.mcuxpressotools/arm-gnu-toolchain-14.2.rel1-mingw-w64-x86_64-arm-none-eabi/bin/../lib/gcc/arm-none-eabi/14.2.1/thumb/v8-m.main/nofp\libc_nano.a(libc_a-findfp.o) (_fwalk_sglue)
C:/Users/Catalin/.mcuxpressotools/arm-gnu-toolchain-14.2.rel1-mingw-w64-x86_64-arm-none-eabi/bin/../lib/gcc/arm-none-eabi/14.2.1/thumb/v8-m.main/nofp\libc_nano.a(libc_a-stdio.o)
                              C:/Users/Catalin/.mcuxpressotools/arm-gnu-toolchain-14.2.rel1-mingw-w64-x86_64-arm-none-eabi/bin/../lib/gcc/arm-none-eabi/14.2.1/thumb/v8-m.main/nofp\libc_nano.a(libc_a-findfp.o) (__sread)
C:/Users/Catalin/.mcuxpressotools/arm-gnu-toolchain-14.2.rel1-mingw-w64-x86_64-arm-none-eabi/bin/../lib/gcc/arm-none-eabi/14.2.1/thumb/v8-m.main/nofp\libc_nano.a(libc_a-strtok.o)
                              CMakeFiles/main.dir/uart_comm.c.obj (strtok)
C:/Users/Catalin/.mcuxpressotools/arm-gnu-toolchain-14.2.rel1-mingw-w64-x86_64-arm-none-eabi/bin/../lib/gcc/arm-none-eabi/14.2.1/thumb/v8-m.main/nofp\libc_nano.a(libc_a-strtok_r.o)
                              C:/Users/Catalin/.mcuxpressotools/arm-gnu-toolchain-14.2.rel1-mingw-w64-x86_64-arm-none-eabi/bin/../lib/gcc/arm-none-eabi/14.2.1/thumb/v8-m.main/nofp\libc_nano.a(libc_a-strtok.o) (__strtok_r)
C:/Users/Catalin/.mcuxpressotools/arm-gnu-toolchain-14.2.rel1-mingw-w64-x86_64-arm-none-eabi/bin/../lib/gcc/arm-none-eabi/14.2.1/thumb/v8-m.main/nofp\libc_nano.a(libc_a-closer.o)
[...]
Memory Configuration

Name             Origin             Length             Attributes
m_interrupts     0x00000000         0x00000200         xr
m_text           0x00000200         0x0001fe00         xr
m_data           0x20000000         0x00006000         rw
m_sramx0         0x04000000         0x00002000         rw
*default*        0x00000000         0xffffffff

Linker script and memory map

LOAD C:/Users/Catalin/.mcuxpressotools/arm-gnu-toolchain-14.2.rel1-mingw-w64-x86_64-arm-none-eabi/bin/../lib/gcc/arm-none-eabi/14.2.1/thumb/v8-m.main/nofp/crti.o
LOAD C:/Users/Catalin/.mcuxpressotools/arm-gnu-toolchain-14.2.rel1-mingw-w64-x86_64-arm-none-eabi/bin/../lib/gcc/arm-none-eabi/14.2.1/thumb/v8-m.main/nofp/crtbegin.o
LOAD C:/Users/Catalin/.mcuxpressotools/arm-gnu-toolchain-14.2.rel1-mingw-w64-x86_64-arm-none-eabi/bin/../lib/gcc/arm-none-eabi/14.2.1/thumb/v8-m.main/nofp/crt0.o
LOAD CMakeFiles/main.dir/frdmmcxa153/board/board.c.obj
LOAD CMakeFiles/main.dir/frdmmcxa153/board/clock_config.c.obj
LOAD CMakeFiles/main.dir/frdmmcxa153/board/pin_mux.c.obj
LOAD CMakeFiles/main.dir/frdmmcxa153/board/peripherals.c.obj
LOAD CMakeFiles/main.dir/frdmmcxa153/app/hardware_init.c.obj
LOAD CMakeFiles/main.dir/D_/nxp/mcuxsdk/mcuxsdk/devices/MCX/MCXA/MCXA153/system_MCXA153.c.obj
LOAD CMakeFiles/main.dir/D_/nxp/mcuxsdk/mcuxsdk/devices/MCX/MCXA/MCXA153/gcc/startup_MCXA153.S.obj
LOAD CMakeFiles/main.dir/D_/nxp/mcuxsdk/mcuxsdk/devices/MCX/MCXA/MCXA153/drivers/fsl_clock.c.obj
LOAD CMakeFiles/main.dir/D_/nxp/mcuxsdk/mcuxsdk/devices/MCX/MCXA/MCXA153/drivers/fsl_edma_soc.c.obj
LOAD CMakeFiles/main.dir/D_/nxp/mcuxsdk/mcuxsdk/devices/MCX/MCXA/MCXA153/drivers/fsl_reset.c.obj
LOAD CMakeFiles/main.dir/D_/nxp/mcuxsdk/mcuxsdk/drivers/common/fsl_common.c.obj
LOAD CMakeFiles/main.dir/D_/nxp/mcuxsdk/mcuxsdk/drivers/common/fsl_common_arm.c.obj
LOAD CMakeFiles/main.dir/D_/nxp/mcuxsdk/mcuxsdk/drivers/edma4/fsl_edma.c.obj
LOAD CMakeFiles/main.dir/D_/nxp/mcuxsdk/mcuxsdk/drivers/gpio/fsl_gpio.c.obj
LOAD CMakeFiles/main.dir/D_/nxp/mcuxsdk/mcuxsdk/drivers/lpuart/fsl_lpuart_edma.c.obj
LOAD CMakeFiles/main.dir/D_/nxp/mcuxsdk/mcuxsdk/drivers/lpuart/fsl_lpuart.c.obj
LOAD CMakeFiles/main.dir/D_/nxp/mcuxsdk/mcuxsdk/drivers/mcx_spc/fsl_spc.c.obj
LOAD CMakeFiles/main.dir/D_/nxp/mcuxsdk/mcuxsdk/drivers/pwm/fsl_pwm.c.obj
LOAD CMakeFiles/main.dir/D_/nxp/mcuxsdk/mcuxsdk/components/assert/fsl_assert.c.obj
LOAD CMakeFiles/main.dir/D_/nxp/mcuxsdk/mcuxsdk/components/debug_console_lite/fsl_debug_console.c.obj
LOAD CMakeFiles/main.dir/D_/nxp/mcuxsdk/mcuxsdk/components/misc_utilities/fsl_syscall_stub.c.obj
LOAD CMakeFiles/main.dir/D_/nxp/mcuxsdk/mcuxsdk/components/misc_utilities/fsl_sbrk.c.obj
LOAD CMakeFiles/main.dir/D_/nxp/mcuxsdk/mcuxsdk/components/misc_utilities/fsl_memcpy.S.obj
LOAD CMakeFiles/main.dir/D_/nxp/mcuxsdk/mcuxsdk/components/misc_utilities/fsl_memset.S.obj
LOAD CMakeFiles/main.dir/D_/nxp/mcuxsdk/mcuxsdk/components/str/fsl_str.c.obj
LOAD CMakeFiles/main.dir/D_/nxp/mcuxsdk/mcuxsdk/components/uart/fsl_adapter_lpuart.c.obj
LOAD CMakeFiles/main.dir/D_/nxp/mcuxsdk/mcuxsdk/components/cmsis_drivers/cmsis_lpuart/fsl_lpuart_cmsis.c.obj
LOAD CMakeFiles/main.dir/main.c.obj
LOAD CMakeFiles/main.dir/turn_signals.c.obj
LOAD CMakeFiles/main.dir/motors.c.obj
LOAD CMakeFiles/main.dir/uart_comm.c.obj
LOAD CMakeFiles/main.dir/pwm_control.c.obj
START GROUP
LOAD C:/Users/Catalin/.mcuxpressotools/arm-gnu-toolchain-14.2.rel1-mingw-w64-x86_64-arm-none-eabi/bin/../lib/gcc/arm-none-eabi/14.2.1/thumb/v8-m.main/nofp\libm.a
LOAD C:/Users/Catalin/.mcuxpressotools/arm-gnu-toolchain-14.2.rel1-mingw-w64-x86_64-arm-none-eabi/bin/../lib/gcc/arm-none-eabi/14.2.1/thumb/v8-m.main/nofp\libc_nano.a
LOAD C:/Users/Catalin/.mcuxpressotools/arm-gnu-toolchain-14.2.rel1-mingw-w64-x86_64-arm-none-eabi/bin/../lib/gcc/arm-none-eabi/14.2.1/thumb/v8-m.main/nofp\libgcc.a
LOAD C:/Users/Catalin/.mcuxpressotools/arm-gnu-toolchain-14.2.rel1-mingw-w64-x86_64-arm-none-eabi/bin/../lib/gcc/arm-none-eabi/14.2.1/thumb/v8-m.main/nofp\libnosys.a
END GROUP
START GROUP
LOAD C:/Users/Catalin/.mcuxpressotools/arm-gnu-toolchain-14.2.rel1-mingw-w64-x86_64-arm-none-eabi/bin/../lib/gcc/arm-none-eabi/14.2.1/thumb/v8-m.main/nofp\libgcc.a
LOAD C:/Users/Catalin/.mcuxpressotools/arm-gnu-toolchain-14.2.rel1-mingw-w64-x86_64-arm-none-eabi/bin/../lib/gcc/arm-none-eabi/14.2.1/thumb/v8-m.main/nofp\libg_nano.a
LOAD C:/Users/Catalin/.mcuxpressotools/arm-gnu-toolchain-14.2.rel1-mingw-w64-x86_64-arm-none-eabi/bin/../lib/gcc/arm-none-eabi/14.2.1/thumb/v8-m.main/nofp\libc_nano.a
END GROUP
START GROUP
LOAD C:/Users/Catalin/.mcuxpressotools/arm-gnu-toolchain-14.2.rel1-mingw-w64-x86_64-arm-none-eabi/bin/../lib/gcc/arm-none-eabi/14.2.1/thumb/v8-m.main/nofp\libgcc.a
LOAD C:/Users/Catalin/.mcuxpressotools/arm-gnu-toolchain-14.2.rel1-mingw-w64-x86_64-arm-none-eabi/bin/../lib/gcc/arm-none-eabi/14.2.1/thumb/v8-m.main/nofp\libc_nano.a
LOAD C:/Users/Catalin/.mcuxpressotools/arm-gnu-toolchain-14.2.rel1-mingw-w64-x86_64-arm-none-eabi/bin/../lib/gcc/arm-none-eabi/14.2.1/thumb/v8-m.main/nofp\libnosys.a
END GROUP
START GROUP
LOAD C:/Users/Catalin/.mcuxpressotools/arm-gnu-toolchain-14.2.rel1-mingw-w64-x86_64-arm-none-eabi/bin/../lib/gcc/arm-none-eabi/14.2.1/thumb/v8-m.main/nofp\libgcc.a
LOAD C:/Users/Catalin/.mcuxpressotools/arm-gnu-toolchain-14.2.rel1-mingw-w64-x86_64-arm-none-eabi/bin/../lib/gcc/arm-none-eabi/14.2.1/thumb/v8-m.main/nofp\libc_nano.a
LOAD C:/Users/Catalin/.mcuxpressotools/arm-gnu-toolchain-14.2.rel1-mingw-w64-x86_64-arm-none-eabi/bin/../lib/gcc/arm-none-eabi/14.2.1/thumb/v8-m.main/nofp\libnosys.a
END GROUP
LOAD C:/Users/Catalin/.mcuxpressotools/arm-gnu-toolchain-14.2.rel1-mingw-w64-x86_64-arm-none-eabi/bin/../lib/gcc/arm-none-eabi/14.2.1/thumb/v8-m.main/nofp/crtend.o
LOAD C:/Users/Catalin/.mcuxpressotools/arm-gnu-toolchain-14.2.rel1-mingw-w64-x86_64-arm-none-eabi/bin/../lib/gcc/arm-none-eabi/14.2.1/thumb/v8-m.main/nofp/crtn.o
                0x00000400                        HEAP_SIZE = DEFINED (__heap_size__)?__heap_size__:0x400
                0x00000800                        STACK_SIZE = DEFINED (__stack_size__)?__stack_size__:0x800

.interrupts     0x00000000      0x180
                0x00000000                        . = ALIGN (0x4)
 *(.isr_vector)
 .isr_vector    0x00000000      0x180 CMakeFiles/main.dir/D_/nxp/mcuxsdk/mcuxsdk/devices/MCX/MCXA/MCXA153/gcc/startup_MCXA153.S.obj
                0x00000000                __Vectors
                0x00000180                        . = ALIGN (0x4)

.text           0x00000200     0x87bc
                0x00000200                        . = ALIGN (0x4)
 *(.text)
 .text          0x00000200       0x7c C:/Users/Catalin/.mcuxpressotools/arm-gnu-toolchain-14.2.rel1-mingw-w64-x86_64-arm-none-eabi/bin/../lib/gcc/arm-none-eabi/14.2.1/thumb/v8-m.main/nofp/crt0.o
                0x00000200                _stack_init
                0x00000208                _start
                0x00000208                _mainCRTStartup
 .text          0x0000027c      0x340 CMakeFiles/main.dir/D_/nxp/mcuxsdk/mcuxsdk/devices/MCX/MCXA/MCXA153/gcc/startup_MCXA153.S.obj
                0x0000027c                Reset_Handler
                0x00000310                SCG0_DriverIRQHandler
                0x00000310                CMC_DriverIRQHandler
                0x00000310                OS_EVENT_DriverIRQHandler
                0x00000310                WUU0_DriverIRQHandler
                0x00000310                Reserved50_DriverIRQHandler
                0x00000310                DebugMon_Handler
                0x00000310                FLEXPWM0_SUBMODULE0_DriverIRQHandler
                0x00000310                Reserved33_DriverIRQHandler
                0x00000310                I3C0_DriverIRQHandler
                0x00000310                Reserved39_DriverIRQHandler
                0x00000310                GPIO1_DriverIRQHandler
                0x00000310                Reserved86_DriverIRQHandler
                0x00000310                Reserved37_DriverIRQHandler
                0x00000310                Reserved46_DriverIRQHandler
                0x00000310                Reserved43_DriverIRQHandler
                0x00000310                WAKETIMER0_DriverIRQHandler
                0x00000310                BusFault_Handler
                0x00000310                MBC0_DriverIRQHandler
                0x00000310                SPC0_DriverIRQHandler
                0x00000310                LPTMR0_DriverIRQHandler
                0x00000310                Reserved58_DriverIRQHandler
                0x00000310                FLEXPWM0_SUBMODULE1_DriverIRQHandler
                0x00000310                Reserved59_DriverIRQHandler
                0x00000310                CDOG0_DriverIRQHandler
                0x00000310                CMP0_DriverIRQHandler
                0x00000310                LPI2C0_DriverIRQHandler
                0x00000310                FLEXPWM0_RELOAD_ERROR_DriverIRQHandler
                0x00000310                ADC0_DriverIRQHandler
                0x00000310                QDC0_HOME_DriverIRQHandler
                0x00000310                Reserved85_DriverIRQHandler
                0x00000310                GPIO2_DriverIRQHandler
                0x00000310                Reserved82_DriverIRQHandler
                0x00000310                Reserved16_DriverIRQHandler
                0x00000310                Reserved77_DriverIRQHandler
                0x00000310                LPSPI1_DriverIRQHandler
                0x00000310                FMU0_DriverIRQHandler
                0x00000310                QDC0_WATCHDOG_DriverIRQHandler
                0x00000310                ERM0_MULTI_BIT_DriverIRQHandler
                0x00000310                Reserved94_DriverIRQHandler
                0x00000310                Reserved25_DriverIRQHandler
                0x00000310                Reserved51_DriverIRQHandler
                0x00000310                Reserved36_DriverIRQHandler
                0x00000310                MemManage_Handler
                0x00000310                ERM0_SINGLE_BIT_DriverIRQHandler
                0x00000310                Reserved65_DriverIRQHandler
                0x00000310                CTIMER2_DriverIRQHandler
                0x00000310                UsageFault_Handler
                0x00000310                CMP1_DriverIRQHandler
                0x00000310                Reserved93_DriverIRQHandler
                0x00000310                Reserved23_DriverIRQHandler
                0x00000310                DefaultISR
                0x00000310                USB0_DriverIRQHandler
                0x00000310                Reserved72_DriverIRQHandler
                0x00000310                Reserved83_DriverIRQHandler
                0x00000310                QDC0_INDEX_DriverIRQHandler
                0x00000310                LPSPI0_DriverIRQHandler
                0x00000310                Reserved95_DriverIRQHandler
                0x00000310                Reserved92_DriverIRQHandler
                0x00000310                SecureFault_Handler
                0x00000310                QDC0_COMPARE_DriverIRQHandler
                0x00000310                UTICK0_DriverIRQHandler
                0x00000310                CTIMER1_DriverIRQHandler
                0x00000310                Reserved41_DriverIRQHandler
                0x00000310                FLEXPWM0_SUBMODULE2_DriverIRQHandler
                0x00000310                Reserved24_DriverIRQHandler
                0x00000310                WWDT0_DriverIRQHandler
                0x00000310                Reserved91_DriverIRQHandler
                0x00000310                Reserved84_DriverIRQHandler
                0x00000310                Reserved79_DriverIRQHandler
                0x00000310                CTIMER0_DriverIRQHandler
                0x00000310                Reserved35_DriverIRQHandler
                0x00000310                FLEXPWM0_FAULT_DriverIRQHandler
                0x00000310                GLIKEY0_DriverIRQHandler
                0x00000310                Reserved53_DriverIRQHandler
                0x00000310                Reserved22_DriverIRQHandler
                0x00000310                FREQME0_DriverIRQHandler
                0x00000310                Reserved38_DriverIRQHandler
                0x00000310                GPIO0_DriverIRQHandler
                0x00000310                GPIO3_DriverIRQHandler
                0x00000314                NMI_Handler
                0x00000318                HardFault_Handler
                0x0000031c                SVC_Handler
                0x00000320                PendSV_Handler
                0x00000328                Reserved16_IRQHandler
                0x0000032c                CMC_IRQHandler
                0x00000330                DMA_CH0_IRQHandler
                0x00000334                DMA_CH1_IRQHandler
                0x00000338                DMA_CH2_IRQHandler
                0x0000033c                DMA_CH3_IRQHandler
                0x00000340                Reserved22_IRQHandler
                0x00000344                Reserved23_IRQHandler
                0x00000348                Reserved24_IRQHandler
                0x0000034c                Reserved25_IRQHandler
                0x00000350                ERM0_SINGLE_BIT_IRQHandler
                0x00000354                ERM0_MULTI_BIT_IRQHandler
                0x00000358                FMU0_IRQHandler
                0x0000035c                GLIKEY0_IRQHandler
                0x00000360                MBC0_IRQHandler
                0x00000364                SCG0_IRQHandler
                0x00000368                SPC0_IRQHandler
                0x0000036c                Reserved33_IRQHandler
                0x00000370                WUU0_IRQHandler
                0x00000374                Reserved35_IRQHandler
                0x00000378                Reserved36_IRQHandler
                0x0000037c                Reserved37_IRQHandler
                0x00000380                Reserved38_IRQHandler
                0x00000384                Reserved39_IRQHandler
                0x00000388                I3C0_IRQHandler
                0x0000038c                Reserved41_IRQHandler
                0x00000390                LPI2C0_IRQHandler
                0x00000394                Reserved43_IRQHandler
                0x00000398                LPSPI0_IRQHandler
                0x0000039c                LPSPI1_IRQHandler
                0x000003a0                Reserved46_IRQHandler
                0x000003a4                LPUART0_IRQHandler
                0x000003ac                LPUART2_IRQHandler
                0x000003b0                Reserved50_IRQHandler
                0x000003b4                Reserved51_IRQHandler
                0x000003b8                USB0_IRQHandler
                0x000003bc                Reserved53_IRQHandler
                0x000003c0                CDOG0_IRQHandler
                0x000003c4                CTIMER0_IRQHandler
                0x000003c8                CTIMER1_IRQHandler
                0x000003cc                CTIMER2_IRQHandler
                0x000003d0                Reserved58_IRQHandler
                0x000003d4                Reserved59_IRQHandler
                0x000003d8                FLEXPWM0_RELOAD_ERROR_IRQHandler
                0x000003dc                FLEXPWM0_FAULT_IRQHandler
                0x000003e0                FLEXPWM0_SUBMODULE0_IRQHandler
                0x000003e4                FLEXPWM0_SUBMODULE1_IRQHandler
                0x000003e8                FLEXPWM0_SUBMODULE2_IRQHandler
                0x000003ec                Reserved65_IRQHandler
                0x000003f0                QDC0_COMPARE_IRQHandler
                0x000003f4                QDC0_HOME_IRQHandler
                0x000003f8                QDC0_WATCHDOG_IRQHandler
                0x000003fc                QDC0_INDEX_IRQHandler
                0x00000400                FREQME0_IRQHandler
                0x00000404                LPTMR0_IRQHandler
                0x00000408                Reserved72_IRQHandler
                0x0000040c                OS_EVENT_IRQHandler
                0x00000410                WAKETIMER0_IRQHandler
                0x00000414                UTICK0_IRQHandler
                0x00000418                WWDT0_IRQHandler
                0x0000041c                Reserved77_IRQHandler
                0x00000420                ADC0_IRQHandler
                0x00000424                Reserved79_IRQHandler
                0x00000428                CMP0_IRQHandler
                0x0000042c                CMP1_IRQHandler
                0x00000430                Reserved82_IRQHandler
                0x00000434                Reserved83_IRQHandler
                0x00000438                Reserved84_IRQHandler
                0x0000043c                Reserved85_IRQHandler
                0x00000440                Reserved86_IRQHandler
                0x00000444                GPIO0_IRQHandler
                0x00000448                GPIO1_IRQHandler
                0x0000044c                GPIO2_IRQHandler
                0x00000450                GPIO3_IRQHandler
                0x00000454                Reserved91_IRQHandler
                0x00000458                Reserved92_IRQHandler
                0x0000045c                Reserved93_IRQHandler
                0x00000460                Reserved94_IRQHandler
                0x00000464                Reserved95_IRQHandler
 .text          0x000005bc       0x10 C:/Users/Catalin/.mcuxpressotools/arm-gnu-toolchain-14.2.rel1-mingw-w64-x86_64-arm-none-eabi/bin/../lib/gcc/arm-none-eabi/14.2.1/thumb/v8-m.main/nofp\libc_nano.a(libc_a-strlen.o)
                0x000005bc                strlen
 *(.text*)
 .text.deregister_tm_clones
                0x000005cc       0x1c C:/Users/Catalin/.mcuxpressotools/arm-gnu-toolchain-14.2.rel1-mingw-w64-x86_64-arm-none-eabi/bin/../lib/gcc/arm-none-eabi/14.2.1/thumb/v8-m.main/nofp/crtbegin.o
 .text.register_tm_clones
                0x000005e8       0x28 C:/Users/Catalin/.mcuxpressotools/arm-gnu-toolchain-14.2.rel1-mingw-w64-x86_64-arm-none-eabi/bin/../lib/gcc/arm-none-eabi/14.2.1/thumb/v8-m.main/nofp/crtbegin.o
 .text.__do_global_dtors_aux
                0x00000610       0x28 C:/Users/Catalin/.mcuxpressotools/arm-gnu-toolchain-14.2.rel1-mingw-w64-x86_64-arm-none-eabi/bin/../lib/gcc/arm-none-eabi/14.2.1/thumb/v8-m.main/nofp/crtbegin.o
 .text.frame_dummy
                0x00000638       0x24 C:/Users/Catalin/.mcuxpressotools/arm-gnu-toolchain-14.2.rel1-mingw-w64-x86_64-arm-none-eabi/bin/../lib/gcc/arm-none-eabi/14.2.1/thumb/v8-m.main/nofp/crtbegin.o
 .text.BOARD_InitDebugConsole
                0x0000065c       0x30 CMakeFiles/main.dir/frdmmcxa153/board/board.c.obj
                0x0000065c                BOARD_InitDebugConsole
 .text.RESET_ReleasePeripheralReset
                0x0000068c       0x1a CMakeFiles/main.dir/frdmmcxa153/board/clock_config.c.obj
 *fill*         0x000006a6        0x2 
 .text.CLOCK_EnableClock
                0x000006a8       0x88 CMakeFiles/main.dir/frdmmcxa153/board/clock_config.c.obj
 .text.BOARD_BootClockFRO12M
                0x00000730      0x178 CMakeFiles/main.dir/frdmmcxa153/board/clock_config.c.obj
                0x00000730                BOARD_BootClockFRO12M
 .text.CLOCK_EnableClock
                0x000008a8       0x88 CMakeFiles/main.dir/frdmmcxa153/board/pin_mux.c.obj
 .text.RESET_ReleasePeripheralReset
                0x00000930       0x1a CMakeFiles/main.dir/frdmmcxa153/board/pin_mux.c.obj
 .text.PORT_SetPinMux
                0x0000094a       0x3c CMakeFiles/main.dir/frdmmcxa153/board/pin_mux.c.obj
 *fill*         0x00000986        0x2 
 .text.BOARD_InitPins
                0x00000988      0x2e0 CMakeFiles/main.dir/frdmmcxa153/board/pin_mux.c.obj
                0x00000988                BOARD_InitPins
 .text.PWM_SetupFaultDisableMap
                0x00000c68       0xe4 CMakeFiles/main.dir/frdmmcxa153/board/peripherals.c.obj
 .text.LPUART0_GetFreq
                0x00000d4c       0x14 CMakeFiles/main.dir/frdmmcxa153/board/peripherals.c.obj
                0x00000d4c                LPUART0_GetFreq
 .text.LPUART0_init
                0x00000d60       0x40 CMakeFiles/main.dir/frdmmcxa153/board/peripherals.c.obj
 .text.FLEXPWM0_init
                0x00000da0      0x184 CMakeFiles/main.dir/frdmmcxa153/board/peripherals.c.obj
 .text.LPUART1_init
                0x00000f24       0x20 CMakeFiles/main.dir/frdmmcxa153/board/peripherals.c.obj
 .text.BOARD_InitPeripherals
                0x00000f44       0x14 CMakeFiles/main.dir/frdmmcxa153/board/peripherals.c.obj
                0x00000f44                BOARD_InitPeripherals
 .text.BOARD_InitBootPeripherals
                0x00000f58        0xc CMakeFiles/main.dir/frdmmcxa153/board/peripherals.c.obj
                0x00000f58                BOARD_InitBootPeripherals
 .text.BOARD_InitHardware
                0x00000f64       0x14 CMakeFiles/main.dir/frdmmcxa153/app/hardware_init.c.obj
                0x00000f64                BOARD_InitHardware
 .text.SystemInit
                0x00000f78      0x140 CMakeFiles/main.dir/D_/nxp/mcuxsdk/mcuxsdk/devices/MCX/MCXA/MCXA153/system_MCXA153.c.obj
                0x00000f78                SystemInit
 .text.SystemInitHook
                0x000010b8        0xc CMakeFiles/main.dir/D_/nxp/mcuxsdk/mcuxsdk/devices/MCX/MCXA/MCXA153/system_MCXA153.c.obj
                0x000010b8                SystemInitHook
 .text.CLOCK_AttachClk
                0x000010c4       0x30 CMakeFiles/main.dir/D_/nxp/mcuxsdk/mcuxsdk/devices/MCX/MCXA/MCXA153/drivers/fsl_clock.c.obj
                0x000010c4                CLOCK_AttachClk
 .text.CLOCK_SetClockSelect
                0x000010f4       0xa4 CMakeFiles/main.dir/D_/nxp/mcuxsdk/mcuxsdk/devices/MCX/MCXA/MCXA153/drivers/fsl_clock.c.obj
                0x000010f4                CLOCK_SetClockSelect
 .text.CLOCK_SetClockDiv
                0x00001198       0xe0 CMakeFiles/main.dir/D_/nxp/mcuxsdk/mcuxsdk/devices/MCX/MCXA/MCXA153/drivers/fsl_clock.c.obj
                0x00001198                CLOCK_SetClockDiv
 .text.CLOCK_SetupFROHFClocking
                0x00001278       0xf4 CMakeFiles/main.dir/D_/nxp/mcuxsdk/mcuxsdk/devices/MCX/MCXA/MCXA153/drivers/fsl_clock.c.obj
                0x00001278                CLOCK_SetupFROHFClocking
 .text.CLOCK_SetupFRO12MClocking
                0x0000136c       0x54 CMakeFiles/main.dir/D_/nxp/mcuxsdk/mcuxsdk/devices/MCX/MCXA/MCXA153/drivers/fsl_clock.c.obj
                0x0000136c                CLOCK_SetupFRO12MClocking
 .text.CLOCK_GetFro12MFreq
                0x000013c0       0x28 CMakeFiles/main.dir/D_/nxp/mcuxsdk/mcuxsdk/devices/MCX/MCXA/MCXA153/drivers/fsl_clock.c.obj
 .text.CLOCK_GetFroHfFreq
                0x000013e8       0xc0 CMakeFiles/main.dir/D_/nxp/mcuxsdk/mcuxsdk/devices/MCX/MCXA/MCXA153/drivers/fsl_clock.c.obj
 .text.CLOCK_GetClk16KFreq
                0x000014a8       0x48 CMakeFiles/main.dir/D_/nxp/mcuxsdk/mcuxsdk/devices/MCX/MCXA/MCXA153/drivers/fsl_clock.c.obj
 .text.CLOCK_GetExtClkFreq
                0x000014f0       0x2c CMakeFiles/main.dir/D_/nxp/mcuxsdk/mcuxsdk/devices/MCX/MCXA/MCXA153/drivers/fsl_clock.c.obj
 .text.CLOCK_GetMainClk
                0x0000151c       0x68 CMakeFiles/main.dir/D_/nxp/mcuxsdk/mcuxsdk/devices/MCX/MCXA/MCXA153/drivers/fsl_clock.c.obj
                0x0000151c                CLOCK_GetMainClk
 .text.CLOCK_GetCoreSysClkFreq
                0x00001584       0x20 CMakeFiles/main.dir/D_/nxp/mcuxsdk/mcuxsdk/devices/MCX/MCXA/MCXA153/drivers/fsl_clock.c.obj
                0x00001584                CLOCK_GetCoreSysClkFreq
 .text.DMA_CH0_DriverIRQHandler
                0x000015a4       0x10 CMakeFiles/main.dir/D_/nxp/mcuxsdk/mcuxsdk/devices/MCX/MCXA/MCXA153/drivers/fsl_edma_soc.c.obj
                0x000015a4                DMA_CH0_DriverIRQHandler
 .text.DMA_CH1_DriverIRQHandler
                0x000015b4       0x10 CMakeFiles/main.dir/D_/nxp/mcuxsdk/mcuxsdk/devices/MCX/MCXA/MCXA153/drivers/fsl_edma_soc.c.obj
                0x000015b4                DMA_CH1_DriverIRQHandler
 .text.DMA_CH2_DriverIRQHandler
                0x000015c4       0x10 CMakeFiles/main.dir/D_/nxp/mcuxsdk/mcuxsdk/devices/MCX/MCXA/MCXA153/drivers/fsl_edma_soc.c.obj
                0x000015c4                DMA_CH2_DriverIRQHandler
 .text.DMA_CH3_DriverIRQHandler
                0x000015d4       0x10 CMakeFiles/main.dir/D_/nxp/mcuxsdk/mcuxsdk/devices/MCX/MCXA/MCXA153/drivers/fsl_edma_soc.c.obj
                0x000015d4                DMA_CH3_DriverIRQHandler
 .text.RESET_SetPeripheralReset
                0x000015e4       0xc8 CMakeFiles/main.dir/D_/nxp/mcuxsdk/mcuxsdk/devices/MCX/MCXA/MCXA153/drivers/fsl_reset.c.obj
                0x000015e4                RESET_SetPeripheralReset
 .text.RESET_ClearPeripheralReset
                0x000016ac       0xa8 CMakeFiles/main.dir/D_/nxp/mcuxsdk/mcuxsdk/devices/MCX/MCXA/MCXA153/drivers/fsl_reset.c.obj
                0x000016ac                RESET_ClearPeripheralReset
 .text.RESET_PeripheralReset
                0x00001754       0x22 CMakeFiles/main.dir/D_/nxp/mcuxsdk/mcuxsdk/devices/MCX/MCXA/MCXA153/drivers/fsl_reset.c.obj
                0x00001754                RESET_PeripheralReset
 *fill*         0x00001776        0x2 
 .text.EDMA_HandleIRQ
                0x00001778      0x1d4 CMakeFiles/main.dir/D_/nxp/mcuxsdk/mcuxsdk/drivers/edma4/fsl_edma.c.obj
                0x00001778                EDMA_HandleIRQ
 .text.EDMA_DriverIRQHandler
                0x0000194c       0x54 CMakeFiles/main.dir/D_/nxp/mcuxsdk/mcuxsdk/drivers/edma4/fsl_edma.c.obj
                0x0000194c                EDMA_DriverIRQHandler
 .text.CLOCK_EnableClock
                0x000019a0       0x88 CMakeFiles/main.dir/D_/nxp/mcuxsdk/mcuxsdk/drivers/gpio/fsl_gpio.c.obj
 .text.CLOCK_DisableClock
                0x00001a28       0x98 CMakeFiles/main.dir/D_/nxp/mcuxsdk/mcuxsdk/drivers/gpio/fsl_gpio.c.obj
 .text.GPIO_PinWrite
                0x00001ac0       0x34 CMakeFiles/main.dir/D_/nxp/mcuxsdk/mcuxsdk/drivers/gpio/fsl_gpio.c.obj
 .text.GPIO_GetInstance
                0x00001af4       0x58 CMakeFiles/main.dir/D_/nxp/mcuxsdk/mcuxsdk/drivers/gpio/fsl_gpio.c.obj
 .text.GPIO_PortClockEnable
                0x00001b4c       0x64 CMakeFiles/main.dir/D_/nxp/mcuxsdk/mcuxsdk/drivers/gpio/fsl_gpio.c.obj
 .text.GPIO_PinInit
                0x00001bb0       0x78 CMakeFiles/main.dir/D_/nxp/mcuxsdk/mcuxsdk/drivers/gpio/fsl_gpio.c.obj
                0x00001bb0                GPIO_PinInit
 .text.__NVIC_EnableIRQ
                0x00001c28       0x38 CMakeFiles/main.dir/D_/nxp/mcuxsdk/mcuxsdk/drivers/lpuart/fsl_lpuart.c.obj
 .text.CLOCK_EnableClock
                0x00001c60       0x88 CMakeFiles/main.dir/D_/nxp/mcuxsdk/mcuxsdk/drivers/lpuart/fsl_lpuart.c.obj
 .text.CLOCK_DisableClock
                0x00001ce8       0x98 CMakeFiles/main.dir/D_/nxp/mcuxsdk/mcuxsdk/drivers/lpuart/fsl_lpuart.c.obj
 .text.RESET_ReleasePeripheralReset
                0x00001d80       0x1a CMakeFiles/main.dir/D_/nxp/mcuxsdk/mcuxsdk/drivers/lpuart/fsl_lpuart.c.obj
 .text.EnableIRQ
                0x00001d9a       0x32 CMakeFiles/main.dir/D_/nxp/mcuxsdk/mcuxsdk/drivers/lpuart/fsl_lpuart.c.obj
 .text.DisableGlobalIRQ
                0x00001dcc       0x20 CMakeFiles/main.dir/D_/nxp/mcuxsdk/mcuxsdk/drivers/lpuart/fsl_lpuart.c.obj
 .text.EnableGlobalIRQ
                0x00001dec       0x1e CMakeFiles/main.dir/D_/nxp/mcuxsdk/mcuxsdk/drivers/lpuart/fsl_lpuart.c.obj
 .text.LPUART_SoftwareReset
                0x00001e0a       0x2a CMakeFiles/main.dir/D_/nxp/mcuxsdk/mcuxsdk/drivers/lpuart/fsl_lpuart.c.obj
 .text.LPUART_GetInstance
                0x00001e34       0x58 CMakeFiles/main.dir/D_/nxp/mcuxsdk/mcuxsdk/drivers/lpuart/fsl_lpuart.c.obj
                0x00001e34                LPUART_GetInstance
 .text.LPUART_TransferGetRxRingBufferLength
                0x00001e8c       0x64 CMakeFiles/main.dir/D_/nxp/mcuxsdk/mcuxsdk/drivers/lpuart/fsl_lpuart.c.obj
                0x00001e8c                LPUART_TransferGetRxRingBufferLength
 .text.LPUART_TransferIsRxRingBufferFull
                0x00001ef0       0x54 CMakeFiles/main.dir/D_/nxp/mcuxsdk/mcuxsdk/drivers/lpuart/fsl_lpuart.c.obj
 .text.LPUART_WriteNonBlocking
                0x00001f44       0x58 CMakeFiles/main.dir/D_/nxp/mcuxsdk/mcuxsdk/drivers/lpuart/fsl_lpuart.c.obj
 .text.LPUART_WriteNonBlocking16bit
                0x00001f9c       0x5c CMakeFiles/main.dir/D_/nxp/mcuxsdk/mcuxsdk/drivers/lpuart/fsl_lpuart.c.obj
 .text.LPUART_ReadNonBlocking
                0x00001ff8       0xa8 CMakeFiles/main.dir/D_/nxp/mcuxsdk/mcuxsdk/drivers/lpuart/fsl_lpuart.c.obj
 .text.LPUART_ReadNonBlocking16bit
                0x000020a0       0x60 CMakeFiles/main.dir/D_/nxp/mcuxsdk/mcuxsdk/drivers/lpuart/fsl_lpuart.c.obj
 .text.LPUART_Init
                0x00002100      0x400 CMakeFiles/main.dir/D_/nxp/mcuxsdk/mcuxsdk/drivers/lpuart/fsl_lpuart.c.obj
                0x00002100                LPUART_Init
 .text.LPUART_Deinit
                0x00002500       0x74 CMakeFiles/main.dir/D_/nxp/mcuxsdk/mcuxsdk/drivers/lpuart/fsl_lpuart.c.obj
                0x00002500                LPUART_Deinit
 .text.LPUART_GetDefaultConfig
                0x00002574       0xb0 CMakeFiles/main.dir/D_/nxp/mcuxsdk/mcuxsdk/drivers/lpuart/fsl_lpuart.c.obj
                0x00002574                LPUART_GetDefaultConfig
 .text.LPUART_EnableInterrupts
                0x00002624       0xa8 CMakeFiles/main.dir/D_/nxp/mcuxsdk/mcuxsdk/drivers/lpuart/fsl_lpuart.c.obj
                0x00002624                LPUART_EnableInterrupts
 .text.LPUART_GetEnabledInterrupts
                0x000026cc       0x5c CMakeFiles/main.dir/D_/nxp/mcuxsdk/mcuxsdk/drivers/lpuart/fsl_lpuart.c.obj
                0x000026cc                LPUART_GetEnabledInterrupts
 .text.LPUART_GetStatusFlags
                0x00002728       0x38 CMakeFiles/main.dir/D_/nxp/mcuxsdk/mcuxsdk/drivers/lpuart/fsl_lpuart.c.obj
                0x00002728                LPUART_GetStatusFlags
 .text.LPUART_ClearStatusFlags
                0x00002760       0x7c CMakeFiles/main.dir/D_/nxp/mcuxsdk/mcuxsdk/drivers/lpuart/fsl_lpuart.c.obj
                0x00002760                LPUART_ClearStatusFlags
 .text.LPUART_WriteBlocking
                0x000027dc       0x78 CMakeFiles/main.dir/D_/nxp/mcuxsdk/mcuxsdk/drivers/lpuart/fsl_lpuart.c.obj
                0x000027dc                LPUART_WriteBlocking
 .text.LPUART_WaitForReadData
                0x00002854       0xd0 CMakeFiles/main.dir/D_/nxp/mcuxsdk/mcuxsdk/drivers/lpuart/fsl_lpuart.c.obj
 .text.LPUART_ReadBlocking
                0x00002924       0xc0 CMakeFiles/main.dir/D_/nxp/mcuxsdk/mcuxsdk/drivers/lpuart/fsl_lpuart.c.obj
                0x00002924                LPUART_ReadBlocking
 .text.LPUART_TransferCreateHandle
                0x000029e4       0xdc CMakeFiles/main.dir/D_/nxp/mcuxsdk/mcuxsdk/drivers/lpuart/fsl_lpuart.c.obj
                0x000029e4                LPUART_TransferCreateHandle
 .text.LPUART_TransferStartRingBuffer
                0x00002ac0       0x98 CMakeFiles/main.dir/D_/nxp/mcuxsdk/mcuxsdk/drivers/lpuart/fsl_lpuart.c.obj
                0x00002ac0                LPUART_TransferStartRingBuffer
 .text.LPUART_TransferSendNonBlocking
                0x00002b58       0xec CMakeFiles/main.dir/D_/nxp/mcuxsdk/mcuxsdk/drivers/lpuart/fsl_lpuart.c.obj
                0x00002b58                LPUART_TransferSendNonBlocking
 .text.LPUART_TransferAbortSend
                0x00002c44       0x58 CMakeFiles/main.dir/D_/nxp/mcuxsdk/mcuxsdk/drivers/lpuart/fsl_lpuart.c.obj
                0x00002c44                LPUART_TransferAbortSend
 .text.LPUART_TransferGetSendCount
                0x00002c9c       0x84 CMakeFiles/main.dir/D_/nxp/mcuxsdk/mcuxsdk/drivers/lpuart/fsl_lpuart.c.obj
                0x00002c9c                LPUART_TransferGetSendCount
 .text.LPUART_TransferReceiveNonBlocking
                0x00002d20      0x25c CMakeFiles/main.dir/D_/nxp/mcuxsdk/mcuxsdk/drivers/lpuart/fsl_lpuart.c.obj
                0x00002d20                LPUART_TransferReceiveNonBlocking
 .text.LPUART_TransferAbortReceive
                0x00002f7c       0x60 CMakeFiles/main.dir/D_/nxp/mcuxsdk/mcuxsdk/drivers/lpuart/fsl_lpuart.c.obj
                0x00002f7c                LPUART_TransferAbortReceive
 .text.LPUART_TransferGetReceiveCount
                0x00002fdc       0x78 CMakeFiles/main.dir/D_/nxp/mcuxsdk/mcuxsdk/drivers/lpuart/fsl_lpuart.c.obj
                0x00002fdc                LPUART_TransferGetReceiveCount
 .text.LPUART_TransferHandleIDLEReady
                0x00003054      0x11c CMakeFiles/main.dir/D_/nxp/mcuxsdk/mcuxsdk/drivers/lpuart/fsl_lpuart.c.obj
 .text.LPUART_TransferHandleReceiveDataFull
                0x00003170      0x1ea CMakeFiles/main.dir/D_/nxp/mcuxsdk/mcuxsdk/drivers/lpuart/fsl_lpuart.c.obj
 .text.LPUART_TransferHandleSendDataEmpty
                0x0000335a       0xcc CMakeFiles/main.dir/D_/nxp/mcuxsdk/mcuxsdk/drivers/lpuart/fsl_lpuart.c.obj
 .text.LPUART_TransferHandleTransmissionComplete
                0x00003426       0x4c CMakeFiles/main.dir/D_/nxp/mcuxsdk/mcuxsdk/drivers/lpuart/fsl_lpuart.c.obj
 *fill*         0x00003472        0x2 
 .text.LPUART_TransferHandleIRQ
                0x00003474       0xf0 CMakeFiles/main.dir/D_/nxp/mcuxsdk/mcuxsdk/drivers/lpuart/fsl_lpuart.c.obj
                0x00003474                LPUART_TransferHandleIRQ
 .text.LPUART0_DriverIRQHandler
                0x00003564       0x24 CMakeFiles/main.dir/D_/nxp/mcuxsdk/mcuxsdk/drivers/lpuart/fsl_lpuart.c.obj
                0x00003564                LPUART0_DriverIRQHandler
 .text.LPUART1_DriverIRQHandler
                0x00003588       0x24 CMakeFiles/main.dir/D_/nxp/mcuxsdk/mcuxsdk/drivers/lpuart/fsl_lpuart.c.obj
                0x00003588                LPUART1_DriverIRQHandler
 .text.LPUART2_DriverIRQHandler
                0x000035ac       0x24 CMakeFiles/main.dir/D_/nxp/mcuxsdk/mcuxsdk/drivers/lpuart/fsl_lpuart.c.obj
                0x000035ac                LPUART2_DriverIRQHandler
 .text.SPC_GetActiveModeBandgapMode
                0x000035d0       0x20 CMakeFiles/main.dir/D_/nxp/mcuxsdk/mcuxsdk/drivers/mcx_spc/fsl_spc.c.obj
 .text.SPC_GetActiveModeVoltageDetectStatus
                0x000035f0       0x20 CMakeFiles/main.dir/D_/nxp/mcuxsdk/mcuxsdk/drivers/mcx_spc/fsl_spc.c.obj
 .text.SPC_GetActiveModeCoreLDOVDDVoltageLevel
                0x00003610       0x20 CMakeFiles/main.dir/D_/nxp/mcuxsdk/mcuxsdk/drivers/mcx_spc/fsl_spc.c.obj
 .text.SPC_GetActiveModeCoreLDODriveStrength
                0x00003630       0x20 CMakeFiles/main.dir/D_/nxp/mcuxsdk/mcuxsdk/drivers/mcx_spc/fsl_spc.c.obj
 .text.SPC_SetSRAMOperateVoltage
                0x00003650       0x68 CMakeFiles/main.dir/D_/nxp/mcuxsdk/mcuxsdk/drivers/mcx_spc/fsl_spc.c.obj
                0x00003650                SPC_SetSRAMOperateVoltage
 .text.SPC_SetActiveModeCoreLDORegulatorConfig
                0x000036b8       0x94 CMakeFiles/main.dir/D_/nxp/mcuxsdk/mcuxsdk/drivers/mcx_spc/fsl_spc.c.obj
                0x000036b8                SPC_SetActiveModeCoreLDORegulatorConfig
 .text.SPC_SetActiveModeCoreLDORegulatorVoltageLevel
                0x0000374c       0x60 CMakeFiles/main.dir/D_/nxp/mcuxsdk/mcuxsdk/drivers/mcx_spc/fsl_spc.c.obj
                0x0000374c                SPC_SetActiveModeCoreLDORegulatorVoltageLevel
 .text.SPC_SetActiveModeCoreLDORegulatorDriveStrength
                0x000037ac       0x5e CMakeFiles/main.dir/D_/nxp/mcuxsdk/mcuxsdk/drivers/mcx_spc/fsl_spc.c.obj
                0x000037ac                SPC_SetActiveModeCoreLDORegulatorDriveStrength
 *fill*         0x0000380a        0x2 
 .text.CLOCK_EnableClock
                0x0000380c       0x88 CMakeFiles/main.dir/D_/nxp/mcuxsdk/mcuxsdk/drivers/pwm/fsl_pwm.c.obj
 .text.RESET_ReleasePeripheralReset
                0x00003894       0x1a CMakeFiles/main.dir/D_/nxp/mcuxsdk/mcuxsdk/drivers/pwm/fsl_pwm.c.obj
 .text.PWM_GetComplementU16
                0x000038ae       0x1a CMakeFiles/main.dir/D_/nxp/mcuxsdk/mcuxsdk/drivers/pwm/fsl_pwm.c.obj
 .text.dutyCycleToReloadValue
                0x000038c8       0x50 CMakeFiles/main.dir/D_/nxp/mcuxsdk/mcuxsdk/drivers/pwm/fsl_pwm.c.obj
 .text.PWM_GetInstance
                0x00003918       0x54 CMakeFiles/main.dir/D_/nxp/mcuxsdk/mcuxsdk/drivers/pwm/fsl_pwm.c.obj
 .text.PWM_SetPeriodRegister
                0x0000396c      0x1ec CMakeFiles/main.dir/D_/nxp/mcuxsdk/mcuxsdk/drivers/pwm/fsl_pwm.c.obj
 .text.PWM_SetDutycycleRegister
                0x00003b58      0x2d4 CMakeFiles/main.dir/D_/nxp/mcuxsdk/mcuxsdk/drivers/pwm/fsl_pwm.c.obj
 .text.PWM_Init
                0x00003e2c      0x30c CMakeFiles/main.dir/D_/nxp/mcuxsdk/mcuxsdk/drivers/pwm/fsl_pwm.c.obj
                0x00003e2c                PWM_Init
 .text.PWM_SetupPwm
                0x00004138      0x46c CMakeFiles/main.dir/D_/nxp/mcuxsdk/mcuxsdk/drivers/pwm/fsl_pwm.c.obj
                0x00004138                PWM_SetupPwm
 .text.PWM_UpdatePwmDutycycle
                0x000045a4       0x60 CMakeFiles/main.dir/D_/nxp/mcuxsdk/mcuxsdk/drivers/pwm/fsl_pwm.c.obj
                0x000045a4                PWM_UpdatePwmDutycycle
 .text.PWM_UpdatePwmDutycycleHighAccuracy
                0x00004604       0xf8 CMakeFiles/main.dir/D_/nxp/mcuxsdk/mcuxsdk/drivers/pwm/fsl_pwm.c.obj
                0x00004604                PWM_UpdatePwmDutycycleHighAccuracy
 .text.PWM_SetupFaultInputFilter
                0x000046fc       0x1c CMakeFiles/main.dir/D_/nxp/mcuxsdk/mcuxsdk/drivers/pwm/fsl_pwm.c.obj
                0x000046fc                PWM_SetupFaultInputFilter
 .text.PWM_SetupFaultInputFilterExt
                0x00004718       0x8c CMakeFiles/main.dir/D_/nxp/mcuxsdk/mcuxsdk/drivers/pwm/fsl_pwm.c.obj
                0x00004718                PWM_SetupFaultInputFilterExt
 .text.PWM_SetupFaults
                0x000047a4       0x22 CMakeFiles/main.dir/D_/nxp/mcuxsdk/mcuxsdk/drivers/pwm/fsl_pwm.c.obj
                0x000047a4                PWM_SetupFaults
 *fill*         0x000047c6        0x2 
 .text.PWM_SetupFaultsExt
                0x000047c8      0x1e8 CMakeFiles/main.dir/D_/nxp/mcuxsdk/mcuxsdk/drivers/pwm/fsl_pwm.c.obj
                0x000047c8                PWM_SetupFaultsExt
 .text.PWM_SetupForceSignal
                0x000049b0       0x8c CMakeFiles/main.dir/D_/nxp/mcuxsdk/mcuxsdk/drivers/pwm/fsl_pwm.c.obj
                0x000049b0                PWM_SetupForceSignal
 .text.fsl_assert_hook
                0x00004a3c       0x18 CMakeFiles/main.dir/D_/nxp/mcuxsdk/mcuxsdk/components/assert/fsl_assert.c.obj
                0x00004a3c                fsl_assert_hook
 .text.__assert_func
                0x00004a54       0x40 CMakeFiles/main.dir/D_/nxp/mcuxsdk/mcuxsdk/components/assert/fsl_assert.c.obj
                0x00004a54                __assert_func
 .text.DbgConsole_Init
                0x00004a94       0x88 CMakeFiles/main.dir/D_/nxp/mcuxsdk/mcuxsdk/components/debug_console_lite/fsl_debug_console.c.obj
                0x00004a94                DbgConsole_Init
 .text.DbgConsole_Printf
                0x00004b1c       0x2c CMakeFiles/main.dir/D_/nxp/mcuxsdk/mcuxsdk/components/debug_console_lite/fsl_debug_console.c.obj
                0x00004b1c                DbgConsole_Printf
 .text.DbgConsole_Vprintf
                0x00004b48       0x3c CMakeFiles/main.dir/D_/nxp/mcuxsdk/mcuxsdk/components/debug_console_lite/fsl_debug_console.c.obj
                0x00004b48                DbgConsole_Vprintf
 .text.DbgConsole_Putchar
                0x00004b84       0x30 CMakeFiles/main.dir/D_/nxp/mcuxsdk/mcuxsdk/components/debug_console_lite/fsl_debug_console.c.obj
                0x00004b84                DbgConsole_Putchar
 .text.DbgConsole_PrintfPaddingCharacter
                0x00004bb4       0x40 CMakeFiles/main.dir/D_/nxp/mcuxsdk/mcuxsdk/components/debug_console_lite/fsl_debug_console.c.obj
 .text.DbgConsole_ConvertRadixNumToString
                0x00004bf4       0xc0 CMakeFiles/main.dir/D_/nxp/mcuxsdk/mcuxsdk/components/debug_console_lite/fsl_debug_console.c.obj
 .text.DbgConsole_PrintfFormattedData
                0x00004cb4      0x3e0 CMakeFiles/main.dir/D_/nxp/mcuxsdk/mcuxsdk/components/debug_console_lite/fsl_debug_console.c.obj
 .text._sbrk    0x00005094       0x68 CMakeFiles/main.dir/D_/nxp/mcuxsdk/mcuxsdk/components/misc_utilities/fsl_sbrk.c.obj
                0x00005094                _sbrk
 .text.memcpy   0x000050fc       0xa0 CMakeFiles/main.dir/D_/nxp/mcuxsdk/mcuxsdk/components/misc_utilities/fsl_memcpy.S.obj
                0x000050fc                memcpy
 .text.memset   0x0000519c       0x54 CMakeFiles/main.dir/D_/nxp/mcuxsdk/mcuxsdk/components/misc_utilities/fsl_memset.S.obj
                0x0000519c                memset
 .text.HAL_UartGetStatus
                0x000051f0       0x26 CMakeFiles/main.dir/D_/nxp/mcuxsdk/mcuxsdk/components/uart/fsl_adapter_lpuart.c.obj
 *fill*         0x00005216        0x2 
 .text.HAL_UartInitCommon
                0x00005218       0xe0 CMakeFiles/main.dir/D_/nxp/mcuxsdk/mcuxsdk/components/uart/fsl_adapter_lpuart.c.obj
 .text.HAL_UartInit
                0x000052f8       0xac CMakeFiles/main.dir/D_/nxp/mcuxsdk/mcuxsdk/components/uart/fsl_adapter_lpuart.c.obj
                0x000052f8                HAL_UartInit
 .text.HAL_UartReceiveBlocking
                0x000053a4       0x8c CMakeFiles/main.dir/D_/nxp/mcuxsdk/mcuxsdk/components/uart/fsl_adapter_lpuart.c.obj
                0x000053a4                HAL_UartReceiveBlocking
 .text.HAL_UartSendBlocking
                0x00005430       0x84 CMakeFiles/main.dir/D_/nxp/mcuxsdk/mcuxsdk/components/uart/fsl_adapter_lpuart.c.obj
                0x00005430                HAL_UartSendBlocking
 .text.LPUART_EnableTx
                0x000054b4       0x36 CMakeFiles/main.dir/D_/nxp/mcuxsdk/mcuxsdk/components/cmsis_drivers/cmsis_lpuart/fsl_lpuart_cmsis.c.obj
 .text.LPUART_EnableRx
                0x000054ea       0x36 CMakeFiles/main.dir/D_/nxp/mcuxsdk/mcuxsdk/components/cmsis_drivers/cmsis_lpuart/fsl_lpuart_cmsis.c.obj
 .text.LPUART_CommonControl
                0x00005520      0x1bc CMakeFiles/main.dir/D_/nxp/mcuxsdk/mcuxsdk/components/cmsis_drivers/cmsis_lpuart/fsl_lpuart_cmsis.c.obj
 .text.LPUARTx_GetVersion
                0x000056dc       0x28 CMakeFiles/main.dir/D_/nxp/mcuxsdk/mcuxsdk/components/cmsis_drivers/cmsis_lpuart/fsl_lpuart_cmsis.c.obj
 .text.LPUARTx_GetCapabilities
                0x00005704       0x12 CMakeFiles/main.dir/D_/nxp/mcuxsdk/mcuxsdk/components/cmsis_drivers/cmsis_lpuart/fsl_lpuart_cmsis.c.obj
 .text.LPUARTx_SetModemControl
                0x00005716       0x18 CMakeFiles/main.dir/D_/nxp/mcuxsdk/mcuxsdk/components/cmsis_drivers/cmsis_lpuart/fsl_lpuart_cmsis.c.obj
 .text.LPUARTx_GetModemStatus
                0x0000572e       0x16 CMakeFiles/main.dir/D_/nxp/mcuxsdk/mcuxsdk/components/cmsis_drivers/cmsis_lpuart/fsl_lpuart_cmsis.c.obj
 .text.KSDK_LPUART_NonBlockingCallback
                0x00005744       0x56 CMakeFiles/main.dir/D_/nxp/mcuxsdk/mcuxsdk/components/cmsis_drivers/cmsis_lpuart/fsl_lpuart_cmsis.c.obj
 .text.LPUART_NonBlockingInitialize
                0x0000579a       0x2e CMakeFiles/main.dir/D_/nxp/mcuxsdk/mcuxsdk/components/cmsis_drivers/cmsis_lpuart/fsl_lpuart_cmsis.c.obj
 .text.LPUART_NonBlockingUninitialize
                0x000057c8       0x1a CMakeFiles/main.dir/D_/nxp/mcuxsdk/mcuxsdk/components/cmsis_drivers/cmsis_lpuart/fsl_lpuart_cmsis.c.obj
 *fill*         0x000057e2        0x2 
 .text.LPUART_NonBlockingPowerControl
                0x000057e4       0xd8 CMakeFiles/main.dir/D_/nxp/mcuxsdk/mcuxsdk/components/cmsis_drivers/cmsis_lpuart/fsl_lpuart_cmsis.c.obj
 .text.LPUART_NonBlockingSend
                0x000058bc       0x74 CMakeFiles/main.dir/D_/nxp/mcuxsdk/mcuxsdk/components/cmsis_drivers/cmsis_lpuart/fsl_lpuart_cmsis.c.obj
 .text.LPUART_NonBlockingReceive
                0x00005930       0x74 CMakeFiles/main.dir/D_/nxp/mcuxsdk/mcuxsdk/components/cmsis_drivers/cmsis_lpuart/fsl_lpuart_cmsis.c.obj
 .text.LPUART_NonBlockingTransfer
                0x000059a4       0x1c CMakeFiles/main.dir/D_/nxp/mcuxsdk/mcuxsdk/components/cmsis_drivers/cmsis_lpuart/fsl_lpuart_cmsis.c.obj
 .text.LPUART_NonBlockingGetTxCount
                0x000059c0       0x34 CMakeFiles/main.dir/D_/nxp/mcuxsdk/mcuxsdk/components/cmsis_drivers/cmsis_lpuart/fsl_lpuart_cmsis.c.obj
 .text.LPUART_NonBlockingGetRxCount
                0x000059f4       0x34 CMakeFiles/main.dir/D_/nxp/mcuxsdk/mcuxsdk/components/cmsis_drivers/cmsis_lpuart/fsl_lpuart_cmsis.c.obj
 .text.LPUART_NonBlockingControl
                0x00005a28       0x9c CMakeFiles/main.dir/D_/nxp/mcuxsdk/mcuxsdk/components/cmsis_drivers/cmsis_lpuart/fsl_lpuart_cmsis.c.obj
 .text.LPUART_NonBlockingGetStatus
                0x00005ac4       0xc2 CMakeFiles/main.dir/D_/nxp/mcuxsdk/mcuxsdk/components/cmsis_drivers/cmsis_lpuart/fsl_lpuart_cmsis.c.obj
 *fill*         0x00005b86        0x2 
 .text.LPUART0_NonBlockingInitialize
                0x00005b88       0x20 CMakeFiles/main.dir/D_/nxp/mcuxsdk/mcuxsdk/components/cmsis_drivers/cmsis_lpuart/fsl_lpuart_cmsis.c.obj
 .text.LPUART0_NonBlockingUninitialize
                0x00005ba8       0x14 CMakeFiles/main.dir/D_/nxp/mcuxsdk/mcuxsdk/components/cmsis_drivers/cmsis_lpuart/fsl_lpuart_cmsis.c.obj
 .text.LPUART0_NonBlockingPowerControl
                0x00005bbc       0x4c CMakeFiles/main.dir/D_/nxp/mcuxsdk/mcuxsdk/components/cmsis_drivers/cmsis_lpuart/fsl_lpuart_cmsis.c.obj
 .text.LPUART0_NonBlockingSend
                0x00005c08       0x24 CMakeFiles/main.dir/D_/nxp/mcuxsdk/mcuxsdk/components/cmsis_drivers/cmsis_lpuart/fsl_lpuart_cmsis.c.obj
 .text.LPUART0_NonBlockingReceive
                0x00005c2c       0x24 CMakeFiles/main.dir/D_/nxp/mcuxsdk/mcuxsdk/components/cmsis_drivers/cmsis_lpuart/fsl_lpuart_cmsis.c.obj
 .text.LPUART0_NonBlockingTransfer
                0x00005c50       0x28 CMakeFiles/main.dir/D_/nxp/mcuxsdk/mcuxsdk/components/cmsis_drivers/cmsis_lpuart/fsl_lpuart_cmsis.c.obj
 .text.LPUART0_NonBlockingGetTxCount
                0x00005c78       0x14 CMakeFiles/main.dir/D_/nxp/mcuxsdk/mcuxsdk/components/cmsis_drivers/cmsis_lpuart/fsl_lpuart_cmsis.c.obj
 .text.LPUART0_NonBlockingGetRxCount
                0x00005c8c       0x14 CMakeFiles/main.dir/D_/nxp/mcuxsdk/mcuxsdk/components/cmsis_drivers/cmsis_lpuart/fsl_lpuart_cmsis.c.obj
 .text.LPUART0_NonBlockingControl
                0x00005ca0       0x48 CMakeFiles/main.dir/D_/nxp/mcuxsdk/mcuxsdk/components/cmsis_drivers/cmsis_lpuart/fsl_lpuart_cmsis.c.obj
 .text.LPUART0_NonBlockingGetStatus
                0x00005ce8       0x14 CMakeFiles/main.dir/D_/nxp/mcuxsdk/mcuxsdk/components/cmsis_drivers/cmsis_lpuart/fsl_lpuart_cmsis.c.obj
 .text.__NVIC_SetPriority
                0x00005cfc       0x54 CMakeFiles/main.dir/main.c.obj
 .text.SysTick_Config
                0x00005d50       0x44 CMakeFiles/main.dir/main.c.obj
 .text.SysTick_Handler
                0x00005d94        0xc CMakeFiles/main.dir/main.c.obj
                0x00005d94                SysTick_Handler
 .text.InitHardware
                0x00005da0       0x38 CMakeFiles/main.dir/main.c.obj
                0x00005da0                InitHardware
 .text.main     0x00005dd8       0x18 CMakeFiles/main.dir/main.c.obj
                0x00005dd8                main
 .text.GPIO_PinWrite
                0x00005df0       0x34 CMakeFiles/main.dir/turn_signals.c.obj
 .text.SetAllSignalsOff
                0x00005e24       0x50 CMakeFiles/main.dir/turn_signals.c.obj
 .text.SetTurnSignalLeftActive
                0x00005e74       0x3c CMakeFiles/main.dir/turn_signals.c.obj
 .text.SetTurnSignalLeftInactive
                0x00005eb0       0x3c CMakeFiles/main.dir/turn_signals.c.obj
 .text.SetTurnSignalRightActive
                0x00005eec       0x38 CMakeFiles/main.dir/turn_signals.c.obj
 .text.SetTurnSignalRightInactive
                0x00005f24       0x38 CMakeFiles/main.dir/turn_signals.c.obj
 .text.TurnSignals_InitHardware
                0x00005f5c        0xc CMakeFiles/main.dir/turn_signals.c.obj
                0x00005f5c                TurnSignals_InitHardware
 .text.TurnSignals_Tick
                0x00005f68       0x40 CMakeFiles/main.dir/turn_signals.c.obj
                0x00005f68                TurnSignals_Tick
 .text.SignalLeft
                0x00005fa8       0x34 CMakeFiles/main.dir/turn_signals.c.obj
                0x00005fa8                SignalLeft
 .text.SignalRight
                0x00005fdc       0x34 CMakeFiles/main.dir/turn_signals.c.obj
                0x00005fdc                SignalRight
 .text.SignalOff
                0x00006010       0x20 CMakeFiles/main.dir/turn_signals.c.obj
                0x00006010                SignalOff
 .text.ProcessBlinker
                0x00006030       0x74 CMakeFiles/main.dir/turn_signals.c.obj
                0x00006030                ProcessBlinker
 .text.UpdateSM0FrequencyAndDuty
                0x000060a4       0x50 CMakeFiles/main.dir/turn_signals.c.obj
 .text.ProcessBuzzer
                0x000060f4       0xc8 CMakeFiles/main.dir/turn_signals.c.obj
                0x000060f4                ProcessBuzzer
 .text.PWM_SetPwmLdok
                0x000061bc       0x5e CMakeFiles/main.dir/motors.c.obj
 .text.Motors_InitHardware
                0x0000621a       0x14 CMakeFiles/main.dir/motors.c.obj
                0x0000621a                Motors_InitHardware
 *fill*         0x0000622e        0x2 
 .text.SetLeftMotorSpeed
                0x00006230       0x60 CMakeFiles/main.dir/motors.c.obj
                0x00006230                SetLeftMotorSpeed
 .text.SetRightMotorSpeed
                0x00006290       0x60 CMakeFiles/main.dir/motors.c.obj
                0x00006290                SetRightMotorSpeed
 .text.__NVIC_EnableIRQ
                0x000062f0       0x38 CMakeFiles/main.dir/uart_comm.c.obj
 .text.EnableIRQ
                0x00006328       0x32 CMakeFiles/main.dir/uart_comm.c.obj
 *fill*         0x0000635a        0x2 
 .text.LPUART_SetRxFifoWatermark
                0x0000635c       0x4c CMakeFiles/main.dir/uart_comm.c.obj
 .text.LPUART_ReadByte
                0x000063a8       0x6c CMakeFiles/main.dir/uart_comm.c.obj
 .text.LPUART1_IRQHandler
                0x00006414       0x84 CMakeFiles/main.dir/uart_comm.c.obj
                0x00006414                LPUART1_IRQHandler
 .text.LPUART0_SignalEvent
                0x00006498       0x12 CMakeFiles/main.dir/uart_comm.c.obj
                0x00006498                LPUART0_SignalEvent
 *fill*         0x000064aa        0x2 
 .text.UartComm_InitHardware
                0x000064ac       0x24 CMakeFiles/main.dir/uart_comm.c.obj
                0x000064ac                UartComm_InitHardware
 .text.UartComm_Process
                0x000064d0      0x1b4 CMakeFiles/main.dir/uart_comm.c.obj
                0x000064d0                UartComm_Process
 .text.PWM_StartTimer
                0x00006684       0x36 CMakeFiles/main.dir/pwm_control.c.obj
 .text.PWM_SetPwmLdok
                0x000066ba       0x5e CMakeFiles/main.dir/pwm_control.c.obj
 .text.PWM_SetupFaultDisableMap
                0x00006718       0xe4 CMakeFiles/main.dir/pwm_control.c.obj
 .text.PwmControl_InitTurnSignals
                0x000067fc      0x100 CMakeFiles/main.dir/pwm_control.c.obj
                0x000067fc                PwmControl_InitTurnSignals
 .text.PwmControl_SetLeftTurnSignalPWM
                0x000068fc       0x3c CMakeFiles/main.dir/pwm_control.c.obj
                0x000068fc                PwmControl_SetLeftTurnSignalPWM
 .text.PwmControl_SetRightTurnSignalPWM
                0x00006938       0x3c CMakeFiles/main.dir/pwm_control.c.obj
                0x00006938                PwmControl_SetRightTurnSignalPWM
 .text.PwmControl_SetAllSignalsOffPWM
                0x00006974       0x6c CMakeFiles/main.dir/pwm_control.c.obj
                0x00006974                PwmControl_SetAllSignalsOffPWM
 .text.PwmControl_SetBuzzerDuty
                0x000069e0       0x30 CMakeFiles/main.dir/pwm_control.c.obj
                0x000069e0                PwmControl_SetBuzzerDuty
 .text.PwmControl_SetBuzzerFrequencyAndDuty
                0x00006a10       0x50 CMakeFiles/main.dir/pwm_control.c.obj
                0x00006a10                PwmControl_SetBuzzerFrequencyAndDuty
 .text.PwmControl_ReloadLeftTurnPWM
                0x00006a60       0x18 CMakeFiles/main.dir/pwm_control.c.obj
                0x00006a60                PwmControl_ReloadLeftTurnPWM
 .text.PwmControl_ReloadRightTurnPWM
                0x00006a78       0x18 CMakeFiles/main.dir/pwm_control.c.obj
                0x00006a78                PwmControl_ReloadRightTurnPWM
 .text.atoi     0x00006a90        0x8 C:/Users/Catalin/.mcuxpressotools/arm-gnu-toolchain-14.2.rel1-mingw-w64-x86_64-arm-none-eabi/bin/../lib/gcc/arm-none-eabi/14.2.1/thumb/v8-m.main/nofp\libc_nano.a(libc_a-atoi.o)
                0x00006a90                atoi
 .text.exit     0x00006a98       0x24 C:/Users/Catalin/.mcuxpressotools/arm-gnu-toolchain-14.2.rel1-mingw-w64-x86_64-arm-none-eabi/bin/../lib/gcc/arm-none-eabi/14.2.1/thumb/v8-m.main/nofp\libc_nano.a(libc_a-exit.o)
                0x00006a98                exit
 .text.malloc   0x00006abc       0x10 C:/Users/Catalin/.mcuxpressotools/arm-gnu-toolchain-14.2.rel1-mingw-w64-x86_64-arm-none-eabi/bin/../lib/gcc/arm-none-eabi/14.2.1/thumb/v8-m.main/nofp\libc_nano.a(libc_a-malloc.o)
                0x00006abc                malloc
 .text.sbrk_aligned
                0x00006acc       0x44 C:/Users/Catalin/.mcuxpressotools/arm-gnu-toolchain-14.2.rel1-mingw-w64-x86_64-arm-none-eabi/bin/../lib/gcc/arm-none-eabi/14.2.1/thumb/v8-m.main/nofp\libc_nano.a(libc_a-mallocr.o)
 .text._malloc_r
                0x00006b10      0x100 C:/Users/Catalin/.mcuxpressotools/arm-gnu-toolchain-14.2.rel1-mingw-w64-x86_64-arm-none-eabi/bin/../lib/gcc/arm-none-eabi/14.2.1/thumb/v8-m.main/nofp\libc_nano.a(libc_a-mallocr.o)
                0x00006b10                _malloc_r
 .text.__malloc_lock
                0x00006c10        0xc C:/Users/Catalin/.mcuxpressotools/arm-gnu-toolchain-14.2.rel1-mingw-w64-x86_64-arm-none-eabi/bin/../lib/gcc/arm-none-eabi/14.2.1/thumb/v8-m.main/nofp\libc_nano.a(libc_a-mlock.o)
                0x00006c10                __malloc_lock
 .text.__malloc_unlock
                0x00006c1c        0xc C:/Users/Catalin/.mcuxpressotools/arm-gnu-toolchain-14.2.rel1-mingw-w64-x86_64-arm-none-eabi/bin/../lib/gcc/arm-none-eabi/14.2.1/thumb/v8-m.main/nofp\libc_nano.a(libc_a-mlock.o)
                0x00006c1c                __malloc_unlock
 .text._strtol_l.isra.0
                0x00006c28       0xf4 C:/Users/Catalin/.mcuxpressotools/arm-gnu-toolchain-14.2.rel1-mingw-w64-x86_64-arm-none-eabi/bin/../lib/gcc/arm-none-eabi/14.2.1/thumb/v8-m.main/nofp\libc_nano.a(libc_a-strtol.o)
 .text.strtol   0x00006d1c       0x14 C:/Users/Catalin/.mcuxpressotools/arm-gnu-toolchain-14.2.rel1-mingw-w64-x86_64-arm-none-eabi/bin/../lib/gcc/arm-none-eabi/14.2.1/thumb/v8-m.main/nofp\libc_nano.a(libc_a-strtol.o)
                0x00006d1c                strtol
 .text.strtok   0x00006d30       0x68 C:/Users/Catalin/.mcuxpressotools/arm-gnu-toolchain-14.2.rel1-mingw-w64-x86_64-arm-none-eabi/bin/../lib/gcc/arm-none-eabi/14.2.1/thumb/v8-m.main/nofp\libc_nano.a(libc_a-strtok.o)
                0x00006d30                strtok
 .text.__strtok_r
                0x00006d98       0x50 C:/Users/Catalin/.mcuxpressotools/arm-gnu-toolchain-14.2.rel1-mingw-w64-x86_64-arm-none-eabi/bin/../lib/gcc/arm-none-eabi/14.2.1/thumb/v8-m.main/nofp\libc_nano.a(libc_a-strtok_r.o)
                0x00006d98                __strtok_r
 .text._sbrk_r  0x00006de8       0x20 C:/Users/Catalin/.mcuxpressotools/arm-gnu-toolchain-14.2.rel1-mingw-w64-x86_64-arm-none-eabi/bin/../lib/gcc/arm-none-eabi/14.2.1/thumb/v8-m.main/nofp\libc_nano.a(libc_a-sbrkr.o)
                0x00006de8                _sbrk_r
 .text.__errno  0x00006e08        0xc C:/Users/Catalin/.mcuxpressotools/arm-gnu-toolchain-14.2.rel1-mingw-w64-x86_64-arm-none-eabi/bin/../lib/gcc/arm-none-eabi/14.2.1/thumb/v8-m.main/nofp\libc_nano.a(libc_a-errno.o)
                0x00006e08                __errno
 .text.__libc_init_array
                0x00006e14       0x48 C:/Users/Catalin/.mcuxpressotools/arm-gnu-toolchain-14.2.rel1-mingw-w64-x86_64-arm-none-eabi/bin/../lib/gcc/arm-none-eabi/14.2.1/thumb/v8-m.main/nofp\libc_nano.a(libc_a-init.o)
                0x00006e14                __libc_init_array
 .text.__retarget_lock_acquire_recursive
                0x00006e5c        0x2 C:/Users/Catalin/.mcuxpressotools/arm-gnu-toolchain-14.2.rel1-mingw-w64-x86_64-arm-none-eabi/bin/../lib/gcc/arm-none-eabi/14.2.1/thumb/v8-m.main/nofp\libc_nano.a(libc_a-lock.o)
                0x00006e5c                __retarget_lock_acquire_recursive
 .text.__retarget_lock_release_recursive
                0x00006e5e        0x2 C:/Users/Catalin/.mcuxpressotools/arm-gnu-toolchain-14.2.rel1-mingw-w64-x86_64-arm-none-eabi/bin/../lib/gcc/arm-none-eabi/14.2.1/thumb/v8-m.main/nofp\libc_nano.a(libc_a-lock.o)
                0x00006e5e                __retarget_lock_release_recursive
 .text._exit    0x00006e60        0x4 C:/Users/Catalin/.mcuxpressotools/arm-gnu-toolchain-14.2.rel1-mingw-w64-x86_64-arm-none-eabi/bin/../lib/gcc/arm-none-eabi/14.2.1/thumb/v8-m.main/nofp\libnosys.a(_exit.o)
                0x00006e60                _exit
 *(.rodata)
 .rodata        0x00006e64       0x35 CMakeFiles/main.dir/frdmmcxa153/board/peripherals.c.obj
 *fill*         0x00006e99        0x3 
 .rodata        0x00006e9c       0x7a CMakeFiles/main.dir/D_/nxp/mcuxsdk/mcuxsdk/devices/MCX/MCXA/MCXA153/drivers/fsl_clock.c.obj
 *fill*         0x00006f16        0x2 
 .rodata        0x00006f18       0x62 CMakeFiles/main.dir/D_/nxp/mcuxsdk/mcuxsdk/devices/MCX/MCXA/MCXA153/drivers/fsl_reset.c.obj
 *fill*         0x00006f7a        0x2 
 .rodata        0x00006f7c      0xa55 CMakeFiles/main.dir/D_/nxp/mcuxsdk/mcuxsdk/drivers/edma4/fsl_edma.c.obj
 *fill*         0x000079d1        0x3 
 .rodata        0x000079d4       0x8b CMakeFiles/main.dir/D_/nxp/mcuxsdk/mcuxsdk/drivers/gpio/fsl_gpio.c.obj
 *fill*         0x00007a5f        0x1 
 .rodata        0x00007a60      0x27e CMakeFiles/main.dir/D_/nxp/mcuxsdk/mcuxsdk/drivers/lpuart/fsl_lpuart.c.obj
 *fill*         0x00007cde        0x2 
 .rodata        0x00007ce0       0x83 CMakeFiles/main.dir/D_/nxp/mcuxsdk/mcuxsdk/drivers/mcx_spc/fsl_spc.c.obj
 *fill*         0x00007d63        0x1 
 .rodata        0x00007d64      0x317 CMakeFiles/main.dir/D_/nxp/mcuxsdk/mcuxsdk/drivers/pwm/fsl_pwm.c.obj
 *fill*         0x0000807b        0x1 
 .rodata        0x0000807c       0x3e CMakeFiles/main.dir/D_/nxp/mcuxsdk/mcuxsdk/components/assert/fsl_assert.c.obj
 *fill*         0x000080ba        0x2 
 .rodata        0x000080bc      0x100 CMakeFiles/main.dir/D_/nxp/mcuxsdk/mcuxsdk/components/uart/fsl_adapter_lpuart.c.obj
 .rodata        0x000081bc       0x73 CMakeFiles/main.dir/uart_comm.c.obj
 *fill*         0x0000822f        0x1 
 .rodata        0x00008230       0x80 CMakeFiles/main.dir/pwm_control.c.obj
 *(.rodata*)
 .rodata.FLEXPWM0_faultInputFilter_config
                0x000082b0        0x3 CMakeFiles/main.dir/frdmmcxa153/board/peripherals.c.obj
                0x000082b0                FLEXPWM0_faultInputFilter_config
 *fill*         0x000082b3        0x1 
 .rodata.FLEXPWM0_Fault0_fault_config
                0x000082b4        0x4 CMakeFiles/main.dir/frdmmcxa153/board/peripherals.c.obj
                0x000082b4                FLEXPWM0_Fault0_fault_config
 .rodata.FLEXPWM0_Fault1_fault_config
                0x000082b8        0x4 CMakeFiles/main.dir/frdmmcxa153/board/peripherals.c.obj
                0x000082b8                FLEXPWM0_Fault1_fault_config
 .rodata.FLEXPWM0_Fault2_fault_config
                0x000082bc        0x4 CMakeFiles/main.dir/frdmmcxa153/board/peripherals.c.obj
                0x000082bc                FLEXPWM0_Fault2_fault_config
 .rodata.FLEXPWM0_Fault3_fault_config
                0x000082c0        0x4 CMakeFiles/main.dir/frdmmcxa153/board/peripherals.c.obj
                0x000082c0                FLEXPWM0_Fault3_fault_config
 .rodata.LPUART1_config
                0x000082c4       0x18 CMakeFiles/main.dir/frdmmcxa153/board/peripherals.c.obj
                0x000082c4                LPUART1_config
 .rodata.__func__.0
                0x000082dc       0x19 CMakeFiles/main.dir/frdmmcxa153/board/peripherals.c.obj
 *fill*         0x000082f5        0x3 
 .rodata.__func__.4
                0x000082f8       0x15 CMakeFiles/main.dir/D_/nxp/mcuxsdk/mcuxsdk/devices/MCX/MCXA/MCXA153/drivers/fsl_clock.c.obj
 *fill*         0x0000830d        0x3 
 .rodata.__func__.2
                0x00008310       0x12 CMakeFiles/main.dir/D_/nxp/mcuxsdk/mcuxsdk/devices/MCX/MCXA/MCXA153/drivers/fsl_clock.c.obj
 *fill*         0x00008322        0x2 
 .rodata.__func__.1
                0x00008324       0x19 CMakeFiles/main.dir/D_/nxp/mcuxsdk/mcuxsdk/devices/MCX/MCXA/MCXA153/drivers/fsl_reset.c.obj
 *fill*         0x0000833d        0x3 
 .rodata.__func__.0
                0x00008340       0x1b CMakeFiles/main.dir/D_/nxp/mcuxsdk/mcuxsdk/devices/MCX/MCXA/MCXA153/drivers/fsl_reset.c.obj
 *fill*         0x0000835b        0x1 
 .rodata.__func__.0
                0x0000835c        0xf CMakeFiles/main.dir/D_/nxp/mcuxsdk/mcuxsdk/drivers/edma4/fsl_edma.c.obj
 *fill*         0x0000836b        0x1 
 .rodata.s_gpioBases
                0x0000836c       0x10 CMakeFiles/main.dir/D_/nxp/mcuxsdk/mcuxsdk/drivers/gpio/fsl_gpio.c.obj
 .rodata.s_gpioClockName
                0x0000837c       0x10 CMakeFiles/main.dir/D_/nxp/mcuxsdk/mcuxsdk/drivers/gpio/fsl_gpio.c.obj
 .rodata.__func__.2
                0x0000838c       0x11 CMakeFiles/main.dir/D_/nxp/mcuxsdk/mcuxsdk/drivers/gpio/fsl_gpio.c.obj
 *fill*         0x0000839d        0x3 
 .rodata.__func__.1
                0x000083a0       0x15 CMakeFiles/main.dir/D_/nxp/mcuxsdk/mcuxsdk/drivers/gpio/fsl_gpio.c.obj
 *fill*         0x000083b5        0x3 
 .rodata.__func__.0
                0x000083b8        0xd CMakeFiles/main.dir/D_/nxp/mcuxsdk/mcuxsdk/drivers/gpio/fsl_gpio.c.obj
 *fill*         0x000083c5        0x3 
 .rodata.s_lpuartBases
                0x000083c8        0xc CMakeFiles/main.dir/D_/nxp/mcuxsdk/mcuxsdk/drivers/lpuart/fsl_lpuart.c.obj
 .rodata.s_lpuartIRQ
                0x000083d4        0x3 CMakeFiles/main.dir/D_/nxp/mcuxsdk/mcuxsdk/drivers/lpuart/fsl_lpuart.c.obj
                0x000083d4                s_lpuartIRQ
 *fill*         0x000083d7        0x1 
 .rodata.s_lpuartClock
                0x000083d8        0xc CMakeFiles/main.dir/D_/nxp/mcuxsdk/mcuxsdk/drivers/lpuart/fsl_lpuart.c.obj
 .rodata.s_lpuartResets
                0x000083e4        0x6 CMakeFiles/main.dir/D_/nxp/mcuxsdk/mcuxsdk/drivers/lpuart/fsl_lpuart.c.obj
 *fill*         0x000083ea        0x2 
 .rodata.__func__.25
                0x000083ec       0x13 CMakeFiles/main.dir/D_/nxp/mcuxsdk/mcuxsdk/drivers/lpuart/fsl_lpuart.c.obj
 *fill*         0x000083ff        0x1 
 .rodata.__func__.24
                0x00008400       0x25 CMakeFiles/main.dir/D_/nxp/mcuxsdk/mcuxsdk/drivers/lpuart/fsl_lpuart.c.obj
 *fill*         0x00008425        0x3 
 .rodata.__func__.23
                0x00008428       0x22 CMakeFiles/main.dir/D_/nxp/mcuxsdk/mcuxsdk/drivers/lpuart/fsl_lpuart.c.obj
 *fill*         0x0000844a        0x2 
 .rodata.__func__.22
                0x0000844c       0x18 CMakeFiles/main.dir/D_/nxp/mcuxsdk/mcuxsdk/drivers/lpuart/fsl_lpuart.c.obj
 .rodata.__func__.21
                0x00008464       0x1d CMakeFiles/main.dir/D_/nxp/mcuxsdk/mcuxsdk/drivers/lpuart/fsl_lpuart.c.obj
 *fill*         0x00008481        0x3 
 .rodata.__func__.20
                0x00008484       0x17 CMakeFiles/main.dir/D_/nxp/mcuxsdk/mcuxsdk/drivers/lpuart/fsl_lpuart.c.obj
 *fill*         0x0000849b        0x1 
 .rodata.__func__.19
                0x0000849c       0x1c CMakeFiles/main.dir/D_/nxp/mcuxsdk/mcuxsdk/drivers/lpuart/fsl_lpuart.c.obj
 .rodata.__func__.18
                0x000084b8        0xc CMakeFiles/main.dir/D_/nxp/mcuxsdk/mcuxsdk/drivers/lpuart/fsl_lpuart.c.obj
 .rodata.__func__.17
                0x000084c4       0x18 CMakeFiles/main.dir/D_/nxp/mcuxsdk/mcuxsdk/drivers/lpuart/fsl_lpuart.c.obj
 .rodata.__func__.13
                0x000084dc       0x15 CMakeFiles/main.dir/D_/nxp/mcuxsdk/mcuxsdk/drivers/lpuart/fsl_lpuart.c.obj
 *fill*         0x000084f1        0x3 
 .rodata.__func__.11
                0x000084f4       0x14 CMakeFiles/main.dir/D_/nxp/mcuxsdk/mcuxsdk/drivers/lpuart/fsl_lpuart.c.obj
 .rodata.__func__.9
                0x00008508       0x1c CMakeFiles/main.dir/D_/nxp/mcuxsdk/mcuxsdk/drivers/lpuart/fsl_lpuart.c.obj
 .rodata.__func__.8
                0x00008524       0x1f CMakeFiles/main.dir/D_/nxp/mcuxsdk/mcuxsdk/drivers/lpuart/fsl_lpuart.c.obj
 *fill*         0x00008543        0x1 
 .rodata.__func__.6
                0x00008544       0x1f CMakeFiles/main.dir/D_/nxp/mcuxsdk/mcuxsdk/drivers/lpuart/fsl_lpuart.c.obj
 *fill*         0x00008563        0x1 
 .rodata.__func__.5
                0x00008564       0x19 CMakeFiles/main.dir/D_/nxp/mcuxsdk/mcuxsdk/drivers/lpuart/fsl_lpuart.c.obj
 *fill*         0x0000857d        0x3 
 .rodata.__func__.4
                0x00008580       0x1c CMakeFiles/main.dir/D_/nxp/mcuxsdk/mcuxsdk/drivers/lpuart/fsl_lpuart.c.obj
 .rodata.__func__.3
                0x0000859c       0x22 CMakeFiles/main.dir/D_/nxp/mcuxsdk/mcuxsdk/drivers/lpuart/fsl_lpuart.c.obj
 *fill*         0x000085be        0x2 
 .rodata.__func__.2
                0x000085c0       0x1c CMakeFiles/main.dir/D_/nxp/mcuxsdk/mcuxsdk/drivers/lpuart/fsl_lpuart.c.obj
 .rodata.__func__.1
                0x000085dc       0x1f CMakeFiles/main.dir/D_/nxp/mcuxsdk/mcuxsdk/drivers/lpuart/fsl_lpuart.c.obj
 *fill*         0x000085fb        0x1 
 .rodata.__func__.0
                0x000085fc       0x19 CMakeFiles/main.dir/D_/nxp/mcuxsdk/mcuxsdk/drivers/lpuart/fsl_lpuart.c.obj
 *fill*         0x00008615        0x3 
 .rodata.__func__.5
                0x00008618       0x1a CMakeFiles/main.dir/D_/nxp/mcuxsdk/mcuxsdk/drivers/mcx_spc/fsl_spc.c.obj
 *fill*         0x00008632        0x2 
 .rodata.__func__.2
                0x00008634       0x28 CMakeFiles/main.dir/D_/nxp/mcuxsdk/mcuxsdk/drivers/mcx_spc/fsl_spc.c.obj
 .rodata.s_pwmClocks
                0x0000865c        0xc CMakeFiles/main.dir/D_/nxp/mcuxsdk/mcuxsdk/drivers/pwm/fsl_pwm.c.obj
 .rodata.__func__.22
                0x00008668       0x10 CMakeFiles/main.dir/D_/nxp/mcuxsdk/mcuxsdk/drivers/pwm/fsl_pwm.c.obj
 .rodata.__func__.21
                0x00008678       0x16 CMakeFiles/main.dir/D_/nxp/mcuxsdk/mcuxsdk/drivers/pwm/fsl_pwm.c.obj
 *fill*         0x0000868e        0x2 
 .rodata.__func__.20
                0x00008690       0x19 CMakeFiles/main.dir/D_/nxp/mcuxsdk/mcuxsdk/drivers/pwm/fsl_pwm.c.obj
 *fill*         0x000086a9        0x3 
 .rodata.__func__.19
                0x000086ac        0x9 CMakeFiles/main.dir/D_/nxp/mcuxsdk/mcuxsdk/drivers/pwm/fsl_pwm.c.obj
 *fill*         0x000086b5        0x3 
 .rodata.__func__.16
                0x000086b8        0xd CMakeFiles/main.dir/D_/nxp/mcuxsdk/mcuxsdk/drivers/pwm/fsl_pwm.c.obj
 *fill*         0x000086c5        0x3 
 .rodata.__func__.14
                0x000086c8       0x17 CMakeFiles/main.dir/D_/nxp/mcuxsdk/mcuxsdk/drivers/pwm/fsl_pwm.c.obj
 *fill*         0x000086df        0x1 
 .rodata.__func__.13
                0x000086e0       0x17 CMakeFiles/main.dir/D_/nxp/mcuxsdk/mcuxsdk/drivers/pwm/fsl_pwm.c.obj
 *fill*         0x000086f7        0x1 
 .rodata.__func__.12
                0x000086f8       0x23 CMakeFiles/main.dir/D_/nxp/mcuxsdk/mcuxsdk/drivers/pwm/fsl_pwm.c.obj
 *fill*         0x0000871b        0x1 
 .rodata.__func__.8
                0x0000871c       0x1d CMakeFiles/main.dir/D_/nxp/mcuxsdk/mcuxsdk/drivers/pwm/fsl_pwm.c.obj
 *fill*         0x00008739        0x3 
 .rodata.__func__.7
                0x0000873c       0x13 CMakeFiles/main.dir/D_/nxp/mcuxsdk/mcuxsdk/drivers/pwm/fsl_pwm.c.obj
 *fill*         0x0000874f        0x1 
 .rodata.__func__.5
                0x00008750       0x15 CMakeFiles/main.dir/D_/nxp/mcuxsdk/mcuxsdk/drivers/pwm/fsl_pwm.c.obj
 *fill*         0x00008765        0x3 
 .rodata.s_LpuartAdapterBase
                0x00008768        0xc CMakeFiles/main.dir/D_/nxp/mcuxsdk/mcuxsdk/components/uart/fsl_adapter_lpuart.c.obj
 .rodata.__func__.4
                0x00008774        0xd CMakeFiles/main.dir/D_/nxp/mcuxsdk/mcuxsdk/components/uart/fsl_adapter_lpuart.c.obj
 *fill*         0x00008781        0x3 
 .rodata.__func__.2
                0x00008784       0x18 CMakeFiles/main.dir/D_/nxp/mcuxsdk/mcuxsdk/components/uart/fsl_adapter_lpuart.c.obj
 .rodata.__func__.1
                0x0000879c       0x15 CMakeFiles/main.dir/D_/nxp/mcuxsdk/mcuxsdk/components/uart/fsl_adapter_lpuart.c.obj
 *fill*         0x000087b1        0x3 
 .rodata.s_lpuartDriverVersion
                0x000087b4        0x4 CMakeFiles/main.dir/D_/nxp/mcuxsdk/mcuxsdk/components/cmsis_drivers/cmsis_lpuart/fsl_lpuart_cmsis.c.obj
 .rodata.LPUART0_Resource
                0x000087b8        0x8 CMakeFiles/main.dir/D_/nxp/mcuxsdk/mcuxsdk/components/cmsis_drivers/cmsis_lpuart/fsl_lpuart_cmsis.c.obj
 .rodata.Driver_USART0
                0x000087c0       0x38 CMakeFiles/main.dir/D_/nxp/mcuxsdk/mcuxsdk/components/cmsis_drivers/cmsis_lpuart/fsl_lpuart_cmsis.c.obj
                0x000087c0                Driver_USART0
 .rodata.__func__.6
                0x000087f8       0x1a CMakeFiles/main.dir/uart_comm.c.obj
 *fill*         0x00008812        0x2 
 .rodata.__func__.0
                0x00008814       0x19 CMakeFiles/main.dir/pwm_control.c.obj
 .rodata._ctype_
                0x0000882d      0x101 C:/Users/Catalin/.mcuxpressotools/arm-gnu-toolchain-14.2.rel1-mingw-w64-x86_64-arm-none-eabi/bin/../lib/gcc/arm-none-eabi/14.2.1/thumb/v8-m.main/nofp\libc_nano.a(libc_a-ctype_.o)
                0x0000882d                _ctype_
 .rodata.strtok.str1.1
                0x0000892e       0x74 C:/Users/Catalin/.mcuxpressotools/arm-gnu-toolchain-14.2.rel1-mingw-w64-x86_64-arm-none-eabi/bin/../lib/gcc/arm-none-eabi/14.2.1/thumb/v8-m.main/nofp\libc_nano.a(libc_a-strtok.o)
 *(.glue_7)
 .glue_7        0x000089a2        0x0 linker stubs
 *(.glue_7t)
 .glue_7t       0x000089a2        0x0 linker stubs
 *(.eh_frame)
 *fill*         0x000089a2        0x2 
 .eh_frame      0x000089a4        0x0 C:/Users/Catalin/.mcuxpressotools/arm-gnu-toolchain-14.2.rel1-mingw-w64-x86_64-arm-none-eabi/bin/../lib/gcc/arm-none-eabi/14.2.1/thumb/v8-m.main/nofp/crtbegin.o
 *(.init)
 .init          0x000089a4        0x4 C:/Users/Catalin/.mcuxpressotools/arm-gnu-toolchain-14.2.rel1-mingw-w64-x86_64-arm-none-eabi/bin/../lib/gcc/arm-none-eabi/14.2.1/thumb/v8-m.main/nofp/crti.o
                0x000089a4                _init
 .init          0x000089a8        0x8 C:/Users/Catalin/.mcuxpressotools/arm-gnu-toolchain-14.2.rel1-mingw-w64-x86_64-arm-none-eabi/bin/../lib/gcc/arm-none-eabi/14.2.1/thumb/v8-m.main/nofp/crtn.o
 *(.fini)
 .fini          0x000089b0        0x4 C:/Users/Catalin/.mcuxpressotools/arm-gnu-toolchain-14.2.rel1-mingw-w64-x86_64-arm-none-eabi/bin/../lib/gcc/arm-none-eabi/14.2.1/thumb/v8-m.main/nofp/crti.o
                0x000089b0                _fini
 .fini          0x000089b4        0x8 C:/Users/Catalin/.mcuxpressotools/arm-gnu-toolchain-14.2.rel1-mingw-w64-x86_64-arm-none-eabi/bin/../lib/gcc/arm-none-eabi/14.2.1/thumb/v8-m.main/nofp/crtn.o
                0x000089bc                        . = ALIGN (0x4)

.vfp11_veneer   0x000089bc        0x0
 .vfp11_veneer  0x000089bc        0x0 linker stubs

.v4_bx          0x000089bc        0x0
 .v4_bx         0x000089bc        0x0 linker stubs

.iplt           0x000089bc        0x0
 .iplt          0x000089bc        0x0 C:/Users/Catalin/.mcuxpressotools/arm-gnu-toolchain-14.2.rel1-mingw-w64-x86_64-arm-none-eabi/bin/../lib/gcc/arm-none-eabi/14.2.1/thumb/v8-m.main/nofp/crtbegin.o

.ARM.extab
 *(.ARM.extab* .gnu.linkonce.armextab.*)

.ARM            0x000089bc        0x8
                0x000089bc                        __exidx_start = .
 *(.ARM.exidx*)
 .ARM.exidx     0x000089bc        0x8 C:/Users/Catalin/.mcuxpressotools/arm-gnu-toolchain-14.2.rel1-mingw-w64-x86_64-arm-none-eabi/bin/../lib/gcc/arm-none-eabi/14.2.1/thumb/v8-m.main/nofp/crt0.o
                                 0x10 (size before relaxing)
 .ARM.exidx     0x000089c4        0x0 C:/Users/Catalin/.mcuxpressotools/arm-gnu-toolchain-14.2.rel1-mingw-w64-x86_64-arm-none-eabi/bin/../lib/gcc/arm-none-eabi/14.2.1/thumb/v8-m.main/nofp\libc_nano.a(libc_a-strlen.o)
                                  0x8 (size before relaxing)
                0x000089c4                        __exidx_end = .

.rel.dyn        0x000089c4        0x0
 .rel.iplt      0x000089c4        0x0 C:/Users/Catalin/.mcuxpressotools/arm-gnu-toolchain-14.2.rel1-mingw-w64-x86_64-arm-none-eabi/bin/../lib/gcc/arm-none-eabi/14.2.1/thumb/v8-m.main/nofp/crtbegin.o

.ctors          0x000089c4        0x0
                0x000089c4                        __CTOR_LIST__ = .
 *crtbegin.o(.ctors)
 *crtbegin?.o(.ctors)
 *(EXCLUDE_FILE(*crtend.o *crtend?.o) .ctors)
 *(SORT_BY_NAME(.ctors.*))
 *(.ctors)
                0x000089c4                        __CTOR_END__ = .

.dtors          0x000089c4        0x0
                0x000089c4                        __DTOR_LIST__ = .
 *crtbegin.o(.dtors)
 *crtbegin?.o(.dtors)
 *(EXCLUDE_FILE(*crtend.o *crtend?.o) .dtors)
 *(SORT_BY_NAME(.dtors.*))
 *(.dtors)
                0x000089c4                        __DTOR_END__ = .

.preinit_array  0x000089c4        0x0
                0x000089c4                        PROVIDE (__preinit_array_start = .)
 *(.preinit_array*)
                0x000089c4                        PROVIDE (__preinit_array_end = .)

.init_array     0x000089c4        0x4
                0x000089c4                        PROVIDE (__init_array_start = .)
 *(SORT_BY_NAME(.init_array.*))
 *(.init_array*)
 .init_array    0x000089c4        0x4 C:/Users/Catalin/.mcuxpressotools/arm-gnu-toolchain-14.2.rel1-mingw-w64-x86_64-arm-none-eabi/bin/../lib/gcc/arm-none-eabi/14.2.1/thumb/v8-m.main/nofp/crtbegin.o
                0x000089c8                        PROVIDE (__init_array_end = .)

.fini_array     0x000089c8        0x4
                [!provide]                        PROVIDE (__fini_array_start = .)
 *(SORT_BY_NAME(.fini_array.*))
 *(.fini_array*)
 .fini_array    0x000089c8        0x4 C:/Users/Catalin/.mcuxpressotools/arm-gnu-toolchain-14.2.rel1-mingw-w64-x86_64-arm-none-eabi/bin/../lib/gcc/arm-none-eabi/14.2.1/thumb/v8-m.main/nofp/crtbegin.o
                [!provide]                        PROVIDE (__fini_array_end = .)
                0x000089cc                        __etext = .
                0x000089cc                        __DATA_ROM = .

.data           0x20000000       0xac load address 0x000089cc
                0x20000000                        . = ALIGN (0x4)
                0x20000000                        __DATA_RAM = .
                0x20000000                        __data_start__ = .
 *(.ramfunc*)
 *(.data)
 *(.data*)
 .data.FLEXPWM0_SM0_pwm_function_config
                0x20000000       0x10 CMakeFiles/main.dir/frdmmcxa153/board/peripherals.c.obj
                0x20000000                FLEXPWM0_SM0_pwm_function_config
 .data.FLEXPWM0_SM1_pwm_function_config
                0x20000010       0x10 CMakeFiles/main.dir/frdmmcxa153/board/peripherals.c.obj
                0x20000010                FLEXPWM0_SM1_pwm_function_config
 .data.FLEXPWM0_SM2_pwm_function_config
                0x20000020       0x10 CMakeFiles/main.dir/frdmmcxa153/board/peripherals.c.obj
                0x20000020                FLEXPWM0_SM2_pwm_function_config
 .data.SystemCoreClock
                0x20000030        0x4 CMakeFiles/main.dir/D_/nxp/mcuxsdk/mcuxsdk/devices/MCX/MCXA/MCXA153/system_MCXA153.c.obj
                0x20000030                SystemCoreClock
 .data.s_Ext_Clk_Freq
                0x20000034        0x4 CMakeFiles/main.dir/D_/nxp/mcuxsdk/mcuxsdk/devices/MCX/MCXA/MCXA153/drivers/fsl_clock.c.obj
 .data.LPUART0_NonBlockingDriverState
                0x20000038       0x10 CMakeFiles/main.dir/D_/nxp/mcuxsdk/mcuxsdk/components/cmsis_drivers/cmsis_lpuart/fsl_lpuart_cmsis.c.obj
 .data.freqHighHz
                0x20000048        0x4 CMakeFiles/main.dir/turn_signals.c.obj
 .data.freqLowHz
                0x2000004c        0x4 CMakeFiles/main.dir/turn_signals.c.obj
 .data.useHighFreq
                0x20000050        0x1 CMakeFiles/main.dir/turn_signals.c.obj
 *fill*         0x20000051        0x3 
 .data.pauseTimeMs
                0x20000054        0x4 CMakeFiles/main.dir/turn_signals.c.obj
 .data.buzzTimeMs
                0x20000058        0x4 CMakeFiles/main.dir/turn_signals.c.obj
 .data._impure_ptr
                0x2000005c        0x4 C:/Users/Catalin/.mcuxpressotools/arm-gnu-toolchain-14.2.rel1-mingw-w64-x86_64-arm-none-eabi/bin/../lib/gcc/arm-none-eabi/14.2.1/thumb/v8-m.main/nofp\libc_nano.a(libc_a-impure.o)
                0x2000005c                _impure_ptr
 .data._impure_data
                0x20000060       0x4c C:/Users/Catalin/.mcuxpressotools/arm-gnu-toolchain-14.2.rel1-mingw-w64-x86_64-arm-none-eabi/bin/../lib/gcc/arm-none-eabi/14.2.1/thumb/v8-m.main/nofp\libc_nano.a(libc_a-impure.o)
                0x20000060                _impure_data
 *(.jcr*)
                0x200000ac                        . = ALIGN (0x4)
                0x200000ac                        __data_end__ = .
                0x00008a78                        __DATA_END = (__DATA_ROM + (__data_end__ - __data_start__))
                0x00020000                        text_end = (ORIGIN (m_text) + LENGTH (m_text))
                0x00000001                        ASSERT ((__DATA_END <= text_end), region m_text overflowed with text and data)

.tm_clone_table
                0x200000ac        0x0 load address 0x00008a78
 .tm_clone_table
                0x200000ac        0x0 C:/Users/Catalin/.mcuxpressotools/arm-gnu-toolchain-14.2.rel1-mingw-w64-x86_64-arm-none-eabi/bin/../lib/gcc/arm-none-eabi/14.2.1/thumb/v8-m.main/nofp/crtbegin.o
 .tm_clone_table
                0x200000ac        0x0 C:/Users/Catalin/.mcuxpressotools/arm-gnu-toolchain-14.2.rel1-mingw-w64-x86_64-arm-none-eabi/bin/../lib/gcc/arm-none-eabi/14.2.1/thumb/v8-m.main/nofp/crtend.o

.igot.plt       0x200000ac        0x0 load address 0x00008a78
 .igot.plt      0x200000ac        0x0 C:/Users/Catalin/.mcuxpressotools/arm-gnu-toolchain-14.2.rel1-mingw-w64-x86_64-arm-none-eabi/bin/../lib/gcc/arm-none-eabi/14.2.1/thumb/v8-m.main/nofp/crtbegin.o

.bss            0x200000ac      0x3a8 load address 0x00008a78
                0x200000ac                        . = ALIGN (0x4)
                0x200000ac                        __START_BSS = .
                0x200000ac                        __bss_start__ = .
 *(.bss)
 *(.bss*)
 .bss.completed.1
                0x200000ac        0x1 C:/Users/Catalin/.mcuxpressotools/arm-gnu-toolchain-14.2.rel1-mingw-w64-x86_64-arm-none-eabi/bin/../lib/gcc/arm-none-eabi/14.2.1/thumb/v8-m.main/nofp/crtbegin.o
 *fill*         0x200000ad        0x3 
 .bss.object.0  0x200000b0       0x18 C:/Users/Catalin/.mcuxpressotools/arm-gnu-toolchain-14.2.rel1-mingw-w64-x86_64-arm-none-eabi/bin/../lib/gcc/arm-none-eabi/14.2.1/thumb/v8-m.main/nofp/crtbegin.o
 .bss.FLEXPWM0_SM0_config
                0x200000c8        0xa CMakeFiles/main.dir/frdmmcxa153/board/peripherals.c.obj
                0x200000c8                FLEXPWM0_SM0_config
 *fill*         0x200000d2        0x2 
 .bss.FLEXPWM0_SM1_config
                0x200000d4        0xa CMakeFiles/main.dir/frdmmcxa153/board/peripherals.c.obj
                0x200000d4                FLEXPWM0_SM1_config
 *fill*         0x200000de        0x2 
 .bss.FLEXPWM0_SM2_config
                0x200000e0        0xa CMakeFiles/main.dir/frdmmcxa153/board/peripherals.c.obj
                0x200000e0                FLEXPWM0_SM2_config
 *fill*         0x200000ea        0x2 
 .bss.s_EDMAHandle
                0x200000ec       0x10 CMakeFiles/main.dir/D_/nxp/mcuxsdk/mcuxsdk/drivers/edma4/fsl_edma.c.obj
 .bss.s_lpuartHandle
                0x200000fc        0xc CMakeFiles/main.dir/D_/nxp/mcuxsdk/mcuxsdk/drivers/lpuart/fsl_lpuart.c.obj
                0x200000fc                s_lpuartHandle
 .bss.s_lpuartIsr
                0x20000108        0xc CMakeFiles/main.dir/D_/nxp/mcuxsdk/mcuxsdk/drivers/lpuart/fsl_lpuart.c.obj
                0x20000108                s_lpuartIsr
 .bss.s_pwmGetPwmDutyCycle
                0x20000114        0x9 CMakeFiles/main.dir/D_/nxp/mcuxsdk/mcuxsdk/drivers/pwm/fsl_pwm.c.obj
 *fill*         0x2000011d        0x3 
 .bss.s_debugConsole
                0x20000120       0x14 CMakeFiles/main.dir/D_/nxp/mcuxsdk/mcuxsdk/components/debug_console_lite/fsl_debug_console.c.obj
 .bss.heap_end.0
                0x20000134        0x4 CMakeFiles/main.dir/D_/nxp/mcuxsdk/mcuxsdk/components/misc_utilities/fsl_sbrk.c.obj
 .bss.LPUART0_Handle
                0x20000138       0x30 CMakeFiles/main.dir/D_/nxp/mcuxsdk/mcuxsdk/components/cmsis_drivers/cmsis_lpuart/fsl_lpuart_cmsis.c.obj
 .bss.lpuart0_rxRingBuffer
                0x20000168       0x40 CMakeFiles/main.dir/D_/nxp/mcuxsdk/mcuxsdk/components/cmsis_drivers/cmsis_lpuart/fsl_lpuart_cmsis.c.obj
 .bss.elapsedMs
                0x200001a8        0x4 CMakeFiles/main.dir/turn_signals.c.obj
 .bss.buzzerTick
                0x200001ac        0x1 CMakeFiles/main.dir/turn_signals.c.obj
 .bss.timerTick
                0x200001ad        0x1 CMakeFiles/main.dir/turn_signals.c.obj
 .bss.currentState
                0x200001ae        0x1 CMakeFiles/main.dir/turn_signals.c.obj
 .bss.blinkPhase
                0x200001af        0x1 CMakeFiles/main.dir/turn_signals.c.obj
 .bss.rxRingBuffer
                0x200001b0      0x100 CMakeFiles/main.dir/uart_comm.c.obj
                0x200001b0                rxRingBuffer
 .bss.rxRingHead
                0x200002b0        0x2 CMakeFiles/main.dir/uart_comm.c.obj
                0x200002b0                rxRingHead
 .bss.rxRingTail
                0x200002b2        0x2 CMakeFiles/main.dir/uart_comm.c.obj
                0x200002b2                rxRingTail
 .bss.lineIndex.5
                0x200002b4        0x1 CMakeFiles/main.dir/uart_comm.c.obj
 *fill*         0x200002b5        0x3 
 .bss.lineBuffer.4
                0x200002b8       0x40 CMakeFiles/main.dir/uart_comm.c.obj
 .bss.last_ls.3
                0x200002f8        0x4 CMakeFiles/main.dir/uart_comm.c.obj
 .bss.last_rs.2
                0x200002fc        0x4 CMakeFiles/main.dir/uart_comm.c.obj
 .bss.last_lsig.1
                0x20000300        0x4 CMakeFiles/main.dir/uart_comm.c.obj
 .bss.last_rsig.0
                0x20000304        0x4 CMakeFiles/main.dir/uart_comm.c.obj
 .bss.__malloc_sbrk_start
                0x20000308        0x4 C:/Users/Catalin/.mcuxpressotools/arm-gnu-toolchain-14.2.rel1-mingw-w64-x86_64-arm-none-eabi/bin/../lib/gcc/arm-none-eabi/14.2.1/thumb/v8-m.main/nofp\libc_nano.a(libc_a-mallocr.o)
                0x20000308                __malloc_sbrk_start
 .bss.__malloc_free_list
                0x2000030c        0x4 C:/Users/Catalin/.mcuxpressotools/arm-gnu-toolchain-14.2.rel1-mingw-w64-x86_64-arm-none-eabi/bin/../lib/gcc/arm-none-eabi/14.2.1/thumb/v8-m.main/nofp\libc_nano.a(libc_a-mallocr.o)
                0x2000030c                __malloc_free_list
 .bss.__sf      0x20000310      0x138 C:/Users/Catalin/.mcuxpressotools/arm-gnu-toolchain-14.2.rel1-mingw-w64-x86_64-arm-none-eabi/bin/../lib/gcc/arm-none-eabi/14.2.1/thumb/v8-m.main/nofp\libc_nano.a(libc_a-findfp.o)
                0x20000310                __sf
 .bss.__stdio_exit_handler
                0x20000448        0x4 C:/Users/Catalin/.mcuxpressotools/arm-gnu-toolchain-14.2.rel1-mingw-w64-x86_64-arm-none-eabi/bin/../lib/gcc/arm-none-eabi/14.2.1/thumb/v8-m.main/nofp\libc_nano.a(libc_a-findfp.o)
                0x20000448                __stdio_exit_handler
 .bss.errno     0x2000044c        0x4 C:/Users/Catalin/.mcuxpressotools/arm-gnu-toolchain-14.2.rel1-mingw-w64-x86_64-arm-none-eabi/bin/../lib/gcc/arm-none-eabi/14.2.1/thumb/v8-m.main/nofp\libc_nano.a(libc_a-reent.o)
                0x2000044c                errno
 .bss.__lock___malloc_recursive_mutex
                0x20000450        0x1 C:/Users/Catalin/.mcuxpressotools/arm-gnu-toolchain-14.2.rel1-mingw-w64-x86_64-arm-none-eabi/bin/../lib/gcc/arm-none-eabi/14.2.1/thumb/v8-m.main/nofp\libc_nano.a(libc_a-lock.o)
                0x20000450                __lock___malloc_recursive_mutex
 *(COMMON)
                0x20000454                        . = ALIGN (0x4)
 *fill*         0x20000451        0x3 
                0x20000454                        __bss_end__ = .
                0x20000454                        __END_BSS = .

.heap           0x20000454      0x404 load address 0x00008e20
                0x20000458                        . = ALIGN (0x8)
 *fill*         0x20000454        0x4 
                0x20000458                        __end__ = .
                0x20000458                        PROVIDE (end = .)
                0x20000458                        __HeapBase = .
                0x20000858                        . = (. + HEAP_SIZE)
 *fill*         0x20000458      0x400 
                0x20000858                        __HeapLimit = .
                0x20000858                        __heap_limit = .

.stack          0x20000858      0x800 load address 0x00009224
                0x20000858                        . = ALIGN (0x8)
                0x20001058                        . = (. + STACK_SIZE)
 *fill*         0x20000858      0x800 
                0x20006000                        __StackTop = (ORIGIN (m_data) + LENGTH (m_data))
                0x20005800                        __StackLimit = (__StackTop - STACK_SIZE)
                0x20006000                        PROVIDE (__stack = __StackTop)

.ARM.attributes
                0x00000000       0x2e
 *(.ARM.attributes)
 .ARM.attributes
                0x00000000       0x22 C:/Users/Catalin/.mcuxpressotools/arm-gnu-toolchain-14.2.rel1-mingw-w64-x86_64-arm-none-eabi/bin/../lib/gcc/arm-none-eabi/14.2.1/thumb/v8-m.main/nofp/crti.o
 .ARM.attributes
                0x00000022       0x32 C:/Users/Catalin/.mcuxpressotools/arm-gnu-toolchain-14.2.rel1-mingw-w64-x86_64-arm-none-eabi/bin/../lib/gcc/arm-none-eabi/14.2.1/thumb/v8-m.main/nofp/crtbegin.o
 .ARM.attributes
                0x00000054       0x20 C:/Users/Catalin/.mcuxpressotools/arm-gnu-toolchain-14.2.rel1-mingw-w64-x86_64-arm-none-eabi/bin/../lib/gcc/arm-none-eabi/14.2.1/thumb/v8-m.main/nofp/crt0.o
 .ARM.attributes
                0x00000074       0x32 CMakeFiles/main.dir/frdmmcxa153/board/board.c.obj
 .ARM.attributes
                0x000000a6       0x32 CMakeFiles/main.dir/frdmmcxa153/board/clock_config.c.obj
 .ARM.attributes
                0x000000d8       0x32 CMakeFiles/main.dir/frdmmcxa153/board/pin_mux.c.obj
 .ARM.attributes
                0x0000010a       0x32 CMakeFiles/main.dir/frdmmcxa153/board/peripherals.c.obj
 .ARM.attributes
                0x0000013c       0x32 CMakeFiles/main.dir/frdmmcxa153/app/hardware_init.c.obj
 .ARM.attributes
                0x0000016e       0x32 CMakeFiles/main.dir/D_/nxp/mcuxsdk/mcuxsdk/devices/MCX/MCXA/MCXA153/system_MCXA153.c.obj
 .ARM.attributes
                0x000001a0       0x20 CMakeFiles/main.dir/D_/nxp/mcuxsdk/mcuxsdk/devices/MCX/MCXA/MCXA153/gcc/startup_MCXA153.S.obj
 .ARM.attributes
                0x000001c0       0x32 CMakeFiles/main.dir/D_/nxp/mcuxsdk/mcuxsdk/devices/MCX/MCXA/MCXA153/drivers/fsl_clock.c.obj
 .ARM.attributes
                0x000001f2       0x32 CMakeFiles/main.dir/D_/nxp/mcuxsdk/mcuxsdk/devices/MCX/MCXA/MCXA153/drivers/fsl_edma_soc.c.obj
 .ARM.attributes
                0x00000224       0x32 CMakeFiles/main.dir/D_/nxp/mcuxsdk/mcuxsdk/devices/MCX/MCXA/MCXA153/drivers/fsl_reset.c.obj
 .ARM.attributes
                0x00000256       0x32 CMakeFiles/main.dir/D_/nxp/mcuxsdk/mcuxsdk/drivers/edma4/fsl_edma.c.obj
 .ARM.attributes
                0x00000288       0x32 CMakeFiles/main.dir/D_/nxp/mcuxsdk/mcuxsdk/drivers/gpio/fsl_gpio.c.obj
 .ARM.attributes
                0x000002ba       0x32 CMakeFiles/main.dir/D_/nxp/mcuxsdk/mcuxsdk/drivers/lpuart/fsl_lpuart.c.obj
 .ARM.attributes
                0x000002ec       0x32 CMakeFiles/main.dir/D_/nxp/mcuxsdk/mcuxsdk/drivers/mcx_spc/fsl_spc.c.obj
 .ARM.attributes
                0x0000031e       0x32 CMakeFiles/main.dir/D_/nxp/mcuxsdk/mcuxsdk/drivers/pwm/fsl_pwm.c.obj
 .ARM.attributes
                0x00000350       0x32 CMakeFiles/main.dir/D_/nxp/mcuxsdk/mcuxsdk/components/assert/fsl_assert.c.obj
 .ARM.attributes
                0x00000382       0x32 CMakeFiles/main.dir/D_/nxp/mcuxsdk/mcuxsdk/components/debug_console_lite/fsl_debug_console.c.obj
 .ARM.attributes
                0x000003b4       0x32 CMakeFiles/main.dir/D_/nxp/mcuxsdk/mcuxsdk/components/misc_utilities/fsl_sbrk.c.obj
 .ARM.attributes
                0x000003e6       0x20 CMakeFiles/main.dir/D_/nxp/mcuxsdk/mcuxsdk/components/misc_utilities/fsl_memcpy.S.obj
 .ARM.attributes
                0x00000406       0x20 CMakeFiles/main.dir/D_/nxp/mcuxsdk/mcuxsdk/components/misc_utilities/fsl_memset.S.obj
 .ARM.attributes
                0x00000426       0x32 CMakeFiles/main.dir/D_/nxp/mcuxsdk/mcuxsdk/components/uart/fsl_adapter_lpuart.c.obj
 .ARM.attributes
                0x00000458       0x32 CMakeFiles/main.dir/D_/nxp/mcuxsdk/mcuxsdk/components/cmsis_drivers/cmsis_lpuart/fsl_lpuart_cmsis.c.obj
 .ARM.attributes
                0x0000048a       0x32 CMakeFiles/main.dir/main.c.obj
 .ARM.attributes
                0x000004bc       0x32 CMakeFiles/main.dir/turn_signals.c.obj
 .ARM.attributes
                0x000004ee       0x32 CMakeFiles/main.dir/motors.c.obj
 .ARM.attributes
                0x00000520       0x32 CMakeFiles/main.dir/uart_comm.c.obj
 .ARM.attributes
                0x00000552       0x32 CMakeFiles/main.dir/pwm_control.c.obj
 .ARM.attributes
                0x00000584       0x32 C:/Users/Catalin/.mcuxpressotools/arm-gnu-toolchain-14.2.rel1-mingw-w64-x86_64-arm-none-eabi/bin/../lib/gcc/arm-none-eabi/14.2.1/thumb/v8-m.main/nofp\libc_nano.a(libc_a-atoi.o)
 .ARM.attributes
                0x000005b6       0x32 C:/Users/Catalin/.mcuxpressotools/arm-gnu-toolchain-14.2.rel1-mingw-w64-x86_64-arm-none-eabi/bin/../lib/gcc/arm-none-eabi/14.2.1/thumb/v8-m.main/nofp\libc_nano.a(libc_a-exit.o)
 .ARM.attributes
                0x000005e8       0x32 C:/Users/Catalin/.mcuxpressotools/arm-gnu-toolchain-14.2.rel1-mingw-w64-x86_64-arm-none-eabi/bin/../lib/gcc/arm-none-eabi/14.2.1/thumb/v8-m.main/nofp\libc_nano.a(libc_a-malloc.o)
 .ARM.attributes
                0x0000061a       0x32 C:/Users/Catalin/.mcuxpressotools/arm-gnu-toolchain-14.2.rel1-mingw-w64-x86_64-arm-none-eabi/bin/../lib/gcc/arm-none-eabi/14.2.1/thumb/v8-m.main/nofp\libc_nano.a(libc_a-mallocr.o)
 .ARM.attributes
                0x0000064c       0x32 C:/Users/Catalin/.mcuxpressotools/arm-gnu-toolchain-14.2.rel1-mingw-w64-x86_64-arm-none-eabi/bin/../lib/gcc/arm-none-eabi/14.2.1/thumb/v8-m.main/nofp\libc_nano.a(libc_a-mlock.o)
 .ARM.attributes
                0x0000067e       0x32 C:/Users/Catalin/.mcuxpressotools/arm-gnu-toolchain-14.2.rel1-mingw-w64-x86_64-arm-none-eabi/bin/../lib/gcc/arm-none-eabi/14.2.1/thumb/v8-m.main/nofp\libc_nano.a(libc_a-strtol.o)
 .ARM.attributes
                0x000006b0       0x32 C:/Users/Catalin/.mcuxpressotools/arm-gnu-toolchain-14.2.rel1-mingw-w64-x86_64-arm-none-eabi/bin/../lib/gcc/arm-none-eabi/14.2.1/thumb/v8-m.main/nofp\libc_nano.a(libc_a-ctype_.o)
 .ARM.attributes
                0x000006e2       0x32 C:/Users/Catalin/.mcuxpressotools/arm-gnu-toolchain-14.2.rel1-mingw-w64-x86_64-arm-none-eabi/bin/../lib/gcc/arm-none-eabi/14.2.1/thumb/v8-m.main/nofp\libc_nano.a(libc_a-findfp.o)
 .ARM.attributes
                0x00000714       0x32 C:/Users/Catalin/.mcuxpressotools/arm-gnu-toolchain-14.2.rel1-mingw-w64-x86_64-arm-none-eabi/bin/../lib/gcc/arm-none-eabi/14.2.1/thumb/v8-m.main/nofp\libc_nano.a(libc_a-strtok.o)
 .ARM.attributes
                0x00000746       0x32 C:/Users/Catalin/.mcuxpressotools/arm-gnu-toolchain-14.2.rel1-mingw-w64-x86_64-arm-none-eabi/bin/../lib/gcc/arm-none-eabi/14.2.1/thumb/v8-m.main/nofp\libc_nano.a(libc_a-strtok_r.o)
 .ARM.attributes
                0x00000778       0x32 C:/Users/Catalin/.mcuxpressotools/arm-gnu-toolchain-14.2.rel1-mingw-w64-x86_64-arm-none-eabi/bin/../lib/gcc/arm-none-eabi/14.2.1/thumb/v8-m.main/nofp\libc_nano.a(libc_a-reent.o)
 .ARM.attributes
                0x000007aa       0x32 C:/Users/Catalin/.mcuxpressotools/arm-gnu-toolchain-14.2.rel1-mingw-w64-x86_64-arm-none-eabi/bin/../lib/gcc/arm-none-eabi/14.2.1/thumb/v8-m.main/nofp\libc_nano.a(libc_a-impure.o)
 .ARM.attributes
                0x000007dc       0x32 C:/Users/Catalin/.mcuxpressotools/arm-gnu-toolchain-14.2.rel1-mingw-w64-x86_64-arm-none-eabi/bin/../lib/gcc/arm-none-eabi/14.2.1/thumb/v8-m.main/nofp\libc_nano.a(libc_a-sbrkr.o)
 .ARM.attributes
                0x0000080e       0x32 C:/Users/Catalin/.mcuxpressotools/arm-gnu-toolchain-14.2.rel1-mingw-w64-x86_64-arm-none-eabi/bin/../lib/gcc/arm-none-eabi/14.2.1/thumb/v8-m.main/nofp\libc_nano.a(libc_a-errno.o)
 .ARM.attributes