D:/nxp/mcuxsdk/mcuxsdk/drivers/pwm/fsl_pwm.h:1038:20:PWM_StartTimer	16	static
D:/nxp/mcuxsdk/mcuxsdk/drivers/pwm/fsl_pwm.h:1243:20:PWM_SetPwmLdok	16	static
D:/nxp/mcuxsdk/mcuxsdk/drivers/pwm/fsl_pwm.h:1310:20:PWM_SetupFaultDisableMap	24	static
C:/Users/Catalin/Desktop/autonomous_vehicle/pwm_control.c:6:6:PwmControl_InitTurnSignals	104	static
C:/Users/Catalin/Desktop/autonomous_vehicle/pwm_control.c:41:6:PwmControl_SetLeftTurnSignalPWM	24	static
C:/Users/Catalin/Desktop/autonomous_vehicle/pwm_control.c:47:6:PwmControl_SetRightTurnSignalPWM	24	static
C:/Users/Catalin/Desktop/autonomous_vehicle/pwm_control.c:53:6:PwmControl_SetAllSignalsOffPWM	16	static
C:/Users/Catalin/Desktop/autonomous_vehicle/pwm_control.c:65:6:PwmControl_SetBuzzerDuty	24	static
C:/Users/Catalin/Desktop/autonomous_vehicle/pwm_control.c:71:6:PwmControl_SetBuzzerFrequencyAndDuty	40	static
C:/Users/Catalin/Desktop/autonomous_vehicle/pwm_control.c:86:6:PwmControl_ReloadLeftTurnPWM	8	static
C:/Users/Catalin/Desktop/autonomous_vehicle/pwm_control.c:91:6:PwmControl_ReloadRightTurnPWM	8	static
